package com.example.demo.service;

import com.example.demo.exception.BusinessException;
import com.example.demo.mapper.Issue79UnqualifiedFnCalleeMapper;
import com.example.demo.service.Issue79UnqualifiedFnCalleeService;
import org.junit.jupiter.api.Test;
import org.junit.jupiter.api.extension.ExtendWith;
import org.mockito.InjectMocks;
import org.mockito.Mock;
import org.mockito.junit.jupiter.MockitoExtension;
import org.mockito.junit.jupiter.MockitoSettings;
import org.mockito.quality.Strictness;
import static org.junit.jupiter.api.Assertions.*;
import static org.mockito.Mockito.*;

@ExtendWith(MockitoExtension.class)
@MockitoSettings(strictness = Strictness.LENIENT)
// Source: {FIXTURES_ROOT}/issue_79_unqualified_fn_callee.sql
class Issue79UnqualifiedFnCalleeServiceTest {

    @Mock
    private Issue79UnqualifiedFnCalleeMapper issue79UnqualifiedFnCalleeMapper;

    @InjectMocks
    private Issue79UnqualifiedFnCalleeService service;

    @Test
    @org.junit.jupiter.api.Timeout(value = 5, unit = java.util.concurrent.TimeUnit.SECONDS)
    void test_fncComGetday_success() {
        String pIScdm = "test_p_i_scdm";
        String pIDate = "20240101";
        Long pIOffset = 100L;
        var result = service.fncComGetday(pIScdm, pIDate, pIOffset);
    }
}