package com.example.demo.service;

import com.example.demo.exception.BusinessException;
import com.example.demo.mapper.Issue62SubstrMapper;
import com.example.demo.service.Issue62SubstrService;
import java.util.concurrent.atomic.AtomicReference;
import org.junit.jupiter.api.Test;
import org.junit.jupiter.api.extension.ExtendWith;
import org.mockito.InjectMocks;
import org.mockito.Mock;
import org.mockito.junit.jupiter.MockitoExtension;
import org.mockito.junit.jupiter.MockitoSettings;
import org.mockito.quality.Strictness;
import static org.junit.jupiter.api.Assertions.*;
import static org.mockito.Mockito.*;

@ExtendWith(MockitoExtension.class)
@MockitoSettings(strictness = Strictness.LENIENT)
// Source: {FIXTURES_ROOT}/issue_62_substr_helper.sql
class Issue62SubstrServiceTest {

    @Mock
    private Issue62SubstrMapper issue62SubstrMapper;

    @InjectMocks
    private Issue62SubstrService service;

    @Test
    @org.junit.jupiter.api.Timeout(value = 5, unit = java.util.concurrent.TimeUnit.SECONDS)
    void test_procSubstrBasic_success() {
        String pId = "test_p_id";
        AtomicReference<String> pResultRef = new AtomicReference<>(null);
        service.procSubstrBasic(pId, pResultRef);
    }
}