package com.example.demo.service;

import com.example.demo.exception.BusinessException;
import com.example.demo.mapper.PlogMapper;
import com.example.demo.service.PlogService;
import org.junit.jupiter.api.Test;
import org.junit.jupiter.api.extension.ExtendWith;
import org.mockito.InjectMocks;
import org.mockito.Mock;
import org.mockito.junit.jupiter.MockitoExtension;
import org.mockito.junit.jupiter.MockitoSettings;
import org.mockito.quality.Strictness;
import static org.junit.jupiter.api.Assertions.*;
import static org.mockito.Mockito.*;

@ExtendWith(MockitoExtension.class)
@MockitoSettings(strictness = Strictness.LENIENT)
// Source: {FIXTURES_ROOT}/issue_71_parity_callee.sql
class PlogServiceTest {

    @Mock
    private PlogMapper plogMapper;

    @InjectMocks
    private PlogService service;

    @Test
    @org.junit.jupiter.api.Timeout(value = 5, unit = java.util.concurrent.TimeUnit.SECONDS)
    void test_instLog_success() {
        String pIMsg = "test_p_i_msg";
        service.instLog(pIMsg);
    }
}