package com.example.demo.mapper;

import java.math.BigDecimal;
import java.sql.Date;
import java.util.List;
import java.util.Map;
import org.apache.ibatis.annotations.*;

@Mapper
public interface CursorAdvancedMapper {

    // {FIXTURES_ROOT}/gauss_complete_examples.sql:543 — pkg_cursor_advanced.proc_cursor_dynamic_using
    List<Map<String, Object>> selectProcCursorDynamicUsing(@Param("pTableName") String pTableName, @Param("pStatusList") String pStatusList, @Param("pMinAmount") java.math.BigDecimal pMinAmount, @Param("pStartDate") java.sql.Date pStartDate, @Param("vSql") String vSql, @Param("vStatusArray") List<String> vStatusArray);
    // {FIXTURES_ROOT}/gauss_complete_examples.sql:543 — pkg_cursor_advanced.proc_cursor_dynamic_using
    List<Map<String, Object>> selectProcCursorDynamicUsing_1(@Param("pTableName") String pTableName, @Param("pStatusList") String pStatusList, @Param("pMinAmount") java.math.BigDecimal pMinAmount, @Param("pStartDate") java.sql.Date pStartDate, @Param("vSql") String vSql, @Param("vStatusArray") List<String> vStatusArray);
    // {FIXTURES_ROOT}/gauss_complete_examples.sql:543 — pkg_cursor_advanced.proc_cursor_dynamic_using
    List<Map<String, Object>> selectProcCursorDynamicUsing_2(@Param("pTableName") String pTableName, @Param("pStatusList") String pStatusList, @Param("pMinAmount") java.math.BigDecimal pMinAmount, @Param("pStartDate") java.sql.Date pStartDate, @Param("vSql") String vSql, @Param("vStatusArray") List<String> vStatusArray);
    // {FIXTURES_ROOT}/gauss_complete_examples.sql:543 — pkg_cursor_advanced.proc_cursor_dynamic_using
    List<Map<String, Object>> selectProcCursorDynamicUsing_3(@Param("pTableName") String pTableName, @Param("pStatusList") String pStatusList, @Param("pMinAmount") java.math.BigDecimal pMinAmount, @Param("pStartDate") java.sql.Date pStartDate, @Param("vSql") String vSql);
    // {FIXTURES_ROOT}/gauss_complete_examples.sql:543 — pkg_cursor_advanced.proc_cursor_dynamic_using
    int insertAuditLog(@Param("pTableName") String pTableName, @Param("pStatusList") String pStatusList, @Param("pMinAmount") java.math.BigDecimal pMinAmount, @Param("pStartDate") java.sql.Date pStartDate, @Param("vSql") String vSql);
    // {FIXTURES_ROOT}/gauss_complete_examples.sql:599 — pkg_cursor_advanced.func_get_order_cursor
    List<Map<String, Object>> selectFuncGetOrderCursor(@Param("pCustomerId") Integer pCustomerId, @Param("pDateFrom") java.sql.Date pDateFrom, @Param("pDateTo") java.sql.Date pDateTo, @Param("vSql") String vSql);
    // {FIXTURES_ROOT}/gauss_complete_examples.sql:625 — pkg_cursor_advanced.proc_multi_cursor_return
    List<Map<String, Object>> selectProcMultiCursorReturn(@Param("pQueryId") Integer pQueryId);
    // {FIXTURES_ROOT}/gauss_complete_examples.sql:625 — pkg_cursor_advanced.proc_multi_cursor_return
    List<Map<String, Object>> selectProcMultiCursorReturn_1(@Param("pQueryId") Integer pQueryId);
    // {FIXTURES_ROOT}/gauss_complete_examples.sql:652 — pkg_cursor_advanced.proc_paginate_with_using
    List<Map<String, Object>> selectProcPaginateWithUsing(@Param("pBaseSql") String pBaseSql, @Param("pPageSize") Integer pPageSize, @Param("pPageNum") Integer pPageNum, @Param("pBindValues") String pBindValues, @Param("vOffset") Integer vOffset, @Param("vPageSql") String vPageSql);
    // {FIXTURES_ROOT}/gauss_complete_examples.sql:652 — pkg_cursor_advanced.proc_paginate_with_using
    List<Map<String, Object>> selectProcPaginateWithUsing_1(@Param("pBaseSql") String pBaseSql, @Param("pPageSize") Integer pPageSize, @Param("pPageNum") Integer pPageNum, @Param("pBindValues") String pBindValues);
}