// ===== FILE: BizMapper.java =====
package com.example.demo.mapper;

import org.apache.ibatis.annotations.*;

@Mapper
public interface BizMapper {

    // No direct DML operations for PKG_BIZ
}

// ===== FILE: LogMapper.java =====
package com.example.demo.mapper;

import org.apache.ibatis.annotations.*;

@Mapper
public interface LogMapper {

    // No direct DML operations for PKG_LOG
}