package com.example.demo.service;

import com.example.demo.exception.BusinessException;
import com.example.demo.mapper.Issue63RetMapper;
import com.example.demo.service.Issue63RetService;
import org.junit.jupiter.api.Test;
import org.junit.jupiter.api.extension.ExtendWith;
import org.mockito.InjectMocks;
import org.mockito.Mock;
import org.mockito.junit.jupiter.MockitoExtension;
import org.mockito.junit.jupiter.MockitoSettings;
import org.mockito.quality.Strictness;
import static org.junit.jupiter.api.Assertions.*;
import static org.mockito.Mockito.*;

@ExtendWith(MockitoExtension.class)
@MockitoSettings(strictness = Strictness.LENIENT)
// Source: {FIXTURES_ROOT}/issue_63_varchar2_return.sql
class Issue63RetServiceTest {

    @Mock
    private Issue63RetMapper issue63RetMapper;

    @InjectMocks
    private Issue63RetService service;

    @Test
    @org.junit.jupiter.api.Timeout(value = 5, unit = java.util.concurrent.TimeUnit.SECONDS)
    void test_fncGetOpenFundValue_success() {
        String pIDate = "20240101";
        String pIPriceDate = "20240101";
        String pISecurityId = "test_p_i_security_id";
        { var m = new java.util.HashMap<String,Object>(); m.put("marketPrice", java.math.BigDecimal.TEN); m.put("bonusValue", 1L); m.put("v_bonus_value", 1L); m.put("v_market_price", java.math.BigDecimal.TEN); when(issue63RetMapper.selectTIssue63Fund((String) any(), (String) any(), (String) any())).thenReturn(m); }
        var result = service.fncGetOpenFundValue(pIDate, pIPriceDate, pISecurityId);
    }

    @Test
    @org.junit.jupiter.api.Timeout(value = 5, unit = java.util.concurrent.TimeUnit.SECONDS)
    void test_fncTrdGetUnitCash_success() {
        String pIDate = "20240101";
        { var m = new java.util.HashMap<String,Object>(); m.put("marketPrice", java.math.BigDecimal.TEN); m.put("bonusValue", 1L); m.put("v_bonus_value", 1L); m.put("v_market_price", java.math.BigDecimal.TEN); when(issue63RetMapper.selectTIssue63Fund((String) any(), (String) any(), (String) any())).thenReturn(m); }
        var result = service.fncTrdGetUnitCash(pIDate);
    }

    @Test
    @org.junit.jupiter.api.Timeout(value = 5, unit = java.util.concurrent.TimeUnit.SECONDS)
    void test_fncGetPriceNum_success() {
        String pIId = "test_p_i_id";
        { var m = new java.util.HashMap<String,Object>(); m.put("marketPrice", java.math.BigDecimal.TEN); m.put("bonusValue", 1L); m.put("v_bonus_value", 1L); m.put("v_market_price", java.math.BigDecimal.TEN); when(issue63RetMapper.selectTIssue63Fund((String) any(), (String) any(), (String) any())).thenReturn(m); }
        var result = service.fncGetPriceNum(pIId);
    }
}