package com.example.demo.service;

import com.example.demo.exception.BusinessException;
import com.example.demo.mapper.Issue71CrossPkgSchemaMapper;
import com.example.demo.service.Issue71CrossPkgSchemaService;
import org.junit.jupiter.api.Test;
import org.junit.jupiter.api.extension.ExtendWith;
import org.mockito.InjectMocks;
import org.mockito.Mock;
import org.mockito.junit.jupiter.MockitoExtension;
import org.mockito.junit.jupiter.MockitoSettings;
import org.mockito.quality.Strictness;
import static org.junit.jupiter.api.Assertions.*;
import static org.mockito.Mockito.*;

@ExtendWith(MockitoExtension.class)
@MockitoSettings(strictness = Strictness.LENIENT)
class Issue71CrossPkgSchemaServiceTest {

    @Mock
    private Issue71CrossPkgSchemaMapper issue71CrossPkgSchemaMapper;

    @InjectMocks
    private Issue71CrossPkgSchemaService service;

    @Test
    @org.junit.jupiter.api.Timeout(value = 5, unit = java.util.concurrent.TimeUnit.SECONDS)
    void test_instLog_success() {
        String pIMsg = "test_pIMsg";
        var _rowTmpl = new java.util.HashMap<String,Object>();
        service.instLog(pIMsg);
    }

    @Test
    @org.junit.jupiter.api.Timeout(value = 5, unit = java.util.concurrent.TimeUnit.SECONDS)
    void test_doIt_success() {
        String pIMsg = "test_pIMsg";
        var _rowTmpl = new java.util.HashMap<String,Object>();
        service.doIt(pIMsg);
    }
}