        package com.example.demo.mapper;

        import java.util.List;
import java.util.Map;

        import org.apache.ibatis.annotations.*;

        @Mapper
        public interface Issue75LoopExceptionBraceMapper {

                // issue_75_loop_exception_brace.sql:14 — pkg_issue75.proc_nested_block_body_fails
        List<Map<String, Object>> selectProcNestedBlockBodyFails();
        // issue_75_loop_exception_brace.sql:29 — pkg_issue75.proc_loop_exc_handler
        List<Map<String, Object>> selectProcLoopExcHandler_1();
        // issue_75_loop_exception_brace.sql:29 — pkg_issue75.proc_loop_exc_handler
        List<Map<String, Object>> selectProcLoopExcHandler_2();
        }