FluxGauss Conversion Log
Started: 2026-06-04 07:36:27
Output: ./dest_tu

[07:36:27]   Output:    ./dest_tu
[07:36:27]   Config:    demo-project/fluxgauss_tu.yaml
[07:36:27]   Input:     3 SQL file(s)
[07:36:27]   Validating 3 file(s) (batch)...
[07:36:27]     ⚠ PKG_2008802001_MGT.sql: 2 warning(s)
[07:36:27]     ✅ DB_LOG.sql OK
[07:36:27]     ✅ PACK_LOG.sql OK
[07:36:27]   Parsing 3 file(s) (batch)...
[07:36:27]   [INFO] Decoded PKG_2008802001_MGT.sql as gb18030
[07:36:27]   [WARN] PACK_LOG.sql: 474 unrecoverable chars (encoding damaged in source)
[07:36:27]   [WARN] Batch parse incomplete, falling back to per-file for 1 file(s)
[07:36:27]   [INFO] Decoded PKG_2008802001_MGT.sql as gb18030
[07:36:27]   [WARN] PACK_LOG.sql: 474 unrecoverable chars (encoding damaged in source)
[07:36:27]     ⚠ 2 parse warning(s)
[07:36:27]     ✅ PROCEDURE: PKG_2008802001_MGT.proc_list (12 params)
[07:36:27]     ✅ PROCEDURE: PKG_2008802001_MGT.proc_main_ctl (11 params)
[07:36:27]     ✅ PROCEDURE: PKG_2008802001_MGT.proc_match (8 params)
[07:36:27]     ✅ PROCEDURE: PKG_2008802001_MGT.proc_match_account (9 params)
[07:36:27]     ✅ PROCEDURE: PKG_2008802001_MGT.proc_modify (10 params)
[07:36:27]     ✅ PROCEDURE: PKG_2008802001_MGT.proc_cancel (9 params)
[07:36:27]     ✅ PROCEDURE: PKG_2008802001_MGT.proc_get_date (7 params)
[07:36:27]     ✅ PROCEDURE: PKG_2008802001_MGT.proc_get_respond_date (7 params)
[07:36:27]     (no procedures found)
[07:36:27]     ✅ PROCEDURE: PACK_LOG.log (3 params)
[07:36:27]     ✅ PROCEDURE: PACK_LOG.log (1 params)
[07:36:27]     ✅ PROCEDURE: PACK_LOG.log (2 params)
[07:36:27]     ✅ PROCEDURE: PACK_LOG.log (6 params)
[07:36:27]     ✅ PROCEDURE: PACK_LOG.log (4 params)
[07:36:27]     ✅ PROCEDURE: PACK_LOG.LOG_NOAUTOTRANS (6 params)
[07:36:27] 
  Analyzing cross-package dependencies...
[07:36:27] 
  Generating Spring Boot project...
[07:36:27] 
  Done!
[07:36:27]     Packages:    2
[07:36:27]     Procedures:  14
[07:36:27]     DML stmts:   15 (extracted as iBatis mapper methods)
[07:36:27]     Cross-calls: 1
[07:36:27]     Test files:  2 (generated unit tests)
[07:36:27]     IT files:    2 (generated integration tests, remote mode)
[07:36:27]     Skipped:     4 (non-procedure SQL)
[07:36:27]     Unresolved:  6 (cross-package calls, 详见转换报告)
[07:36:27] 
[07:36:27]     详细处理日志: dest_tu/.fluxgauss/logs/conversion-latest.log
[07:36:27] 
  📄 转换报告:
[07:36:27]     - dest_tu/.fluxgauss/reports/conversion-report-20260604_073627.md
[07:36:27]     - dest_tu/.fluxgauss/logs/conversion-latest.log
[07:36:27] 
  Output: /Users/c2j/Projects/Desktop_Projects/DB/sp2java/dest_tu

Finished: 2026-06-04 07:36:27
