FluxGauss Conversion Log
Started: 2026-06-04 13:30:19
Output: ./dest_tu

[13:30:19]   Output:    ./dest_tu
[13:30:19]   Config:    demo-project/fluxgauss_tu.yaml
[13:30:19]   Input:     3 SQL file(s)
[13:30:19]   Incremental: 0 changed, 3 cached
[13:30:19]   Validation: all files cached, skipping.
[13:30:19]   Cached: PKG_2008802001_MGT.sql
[13:30:19]   Cached: DB_LOG.sql
[13:30:19]   Cached: PACK_LOG.sql
[13:30:19]     ⚠ 2 parse warning(s)
[13:30:19]     ✅ PROCEDURE: PKG_2008802001_MGT.proc_list (12 params)
[13:30:19]     ✅ PROCEDURE: PKG_2008802001_MGT.proc_main_ctl (11 params)
[13:30:19]     ✅ PROCEDURE: PKG_2008802001_MGT.proc_match (8 params)
[13:30:19]     ✅ PROCEDURE: PKG_2008802001_MGT.proc_match_account (9 params)
[13:30:19]     ✅ PROCEDURE: PKG_2008802001_MGT.proc_modify (10 params)
[13:30:19]     ✅ PROCEDURE: PKG_2008802001_MGT.proc_cancel (9 params)
[13:30:19]     ✅ PROCEDURE: PKG_2008802001_MGT.proc_get_date (7 params)
[13:30:19]     ✅ PROCEDURE: PKG_2008802001_MGT.proc_get_respond_date (7 params)
[13:30:19]     (no procedures found)
[13:30:19]     ✅ PROCEDURE: PACK_LOG.log (3 params)
[13:30:19]     ✅ PROCEDURE: PACK_LOG.log (1 params)
[13:30:19]     ✅ PROCEDURE: PACK_LOG.log (2 params)
[13:30:19]     ✅ PROCEDURE: PACK_LOG.log (6 params)
[13:30:19]     ✅ PROCEDURE: PACK_LOG.log (4 params)
[13:30:19]     ✅ PROCEDURE: PACK_LOG.LOG_NOAUTOTRANS (6 params)
[13:30:19] 
  Analyzing cross-package dependencies...
[13:30:19] 
  Incremental: regenerating 0/2 packages
[13:30:19] 
  Generating Spring Boot project...
[13:30:19] 
  Done!
[13:30:19]     Packages:    2
[13:30:19]     Procedures:  14
[13:30:19]     DML stmts:   15 (extracted as iBatis mapper methods)
[13:30:19]     Cross-calls: 0
[13:30:19]     Test files:  2 (generated unit tests)
[13:30:19]     IT files:    2 (generated integration tests, remote mode)
[13:30:19]     Skipped:     4 (non-procedure SQL)
[13:30:19]     Unresolved:  6 (cross-package calls, 详见转换报告)
[13:30:19] 
[13:30:19]     详细处理日志: dest_tu/.fluxgauss/logs/conversion-latest.log
[13:30:19] 
  📄 转换报告:
[13:30:19]     - dest_tu/.fluxgauss/reports/conversion-report-20260604_133019.md
[13:30:19]     - dest_tu/.fluxgauss/logs/conversion-latest.log
[13:30:19] 
  Output: /Users/c2j/Projects/Desktop_Projects/DB/sp2java/dest_tu

Finished: 2026-06-04 13:30:19
