package com.example.demo.service;

import com.example.demo.exception.BusinessException;
import com.example.demo.mapper.Issue99DuplicateParamNamesMapper;
import org.slf4j.Logger;
import org.slf4j.LoggerFactory;
import org.springframework.stereotype.Service;
import org.springframework.transaction.annotation.Transactional;

@Service
public class Issue99DuplicateParamNamesService {
    private static final Logger log = LoggerFactory.getLogger(Issue99DuplicateParamNamesService.class);

    private final Issue99DuplicateParamNamesMapper issue99DuplicateParamNamesMapper;

    public Issue99DuplicateParamNamesService(Issue99DuplicateParamNamesMapper issue99DuplicateParamNamesMapper) {
        this.issue99DuplicateParamNamesMapper = issue99DuplicateParamNamesMapper;
    }
    // Source: _group_concat (FUNCTION) — issue_99_duplicate_param_names.sql:1-8
    public String GroupConcat(Object text, Object text2) {
        String vResult = "";
        vResult = {'Parameter': 1} + {'Parameter': 2};
        return vResult;
    }
}