package com.example.demo.service;

import com.example.demo.exception.BusinessException;
import com.example.demo.mapper.WarpdriverStressTestMapper;
import com.example.demo.service.WarpdriverStressTestService;
import java.util.concurrent.atomic.AtomicReference;
import org.junit.jupiter.api.Test;
import org.junit.jupiter.api.extension.ExtendWith;
import org.mockito.InjectMocks;
import org.mockito.Mock;
import org.mockito.junit.jupiter.MockitoExtension;
import org.mockito.junit.jupiter.MockitoSettings;
import org.mockito.quality.Strictness;
import static org.junit.jupiter.api.Assertions.*;
import static org.mockito.Mockito.*;

@ExtendWith(MockitoExtension.class)
@MockitoSettings(strictness = Strictness.LENIENT)
// Source: {FIXTURES_ROOT}/PKG_WARPDRIVER_STRESS_TEST.sql
class WarpdriverStressTestServiceTest {

    @Mock
    private WarpdriverStressTestMapper warpdriverStressTestMapper;

    @InjectMocks
    private WarpdriverStressTestService service;

    @Test
    @org.junit.jupiter.api.Timeout(value = 5, unit = java.util.concurrent.TimeUnit.SECONDS)
    void test_spAutonomousAudit_success() {
        String pAction = "test_pAction";
        String pDetail = "test_pDetail";
        when(warpdriverStressTestMapper.insertAuditTrail((String) any(), (String) any())).thenReturn(1);
        { var m = new java.util.HashMap<String,Object>(); m.put("orderId", 1L); m.put("totalAmount", java.math.BigDecimal.TEN); m.put("status", "test"); when(warpdriverStressTestMapper.selectSpMainOrchestrator((String) any(), (String) any(), (java.sql.Date) any(), (Integer) any())).thenReturn(java.util.List.of(m)); }
        { var m = new java.util.HashMap<String,Object>(); m.put("orderId", 1L); m.put("totalAmount", java.math.BigDecimal.TEN); m.put("status", "test"); when(warpdriverStressTestMapper.selectSpMainOrchestrator_1((String) any(), (String) any(), (java.sql.Date) any())).thenReturn(java.util.List.of(m)); }
        when(warpdriverStressTestMapper.updateOrders((String) any(), (String) any(), (java.util.Map) any())).thenReturn(1);
        when(warpdriverStressTestMapper.insertErrorLog((String) any(), (String) any(), (Long) any(), (java.util.Map) any())).thenReturn(1);
        when(warpdriverStressTestMapper.insertOrderItemSnapshot((String) any(), (String) any(), (Long) any(), (java.util.List) any())).thenReturn(1);
        when(warpdriverStressTestMapper.insertDistributedLocks((Long) any(), (Long) any(), (String) any())).thenReturn(1);
        when(warpdriverStressTestMapper.selectOrders((Long) any())).thenReturn(new java.math.BigDecimal("999.99"));
        when(warpdriverStressTestMapper.updateOrders((Long) any())).thenReturn(1);
        when(warpdriverStressTestMapper.updateAccounts((Long) any(), (java.math.BigDecimal) any())).thenReturn(1);
        when(warpdriverStressTestMapper.insertTransactionLog((Long) any(), (java.math.BigDecimal) any())).thenReturn(1);
        when(warpdriverStressTestMapper.deleteDistributedLocks((Long) any(), (String) any())).thenReturn(1);
        when(warpdriverStressTestMapper.deleteDistributedLocks_1((Long) any(), (String) any())).thenReturn(1);
        when(warpdriverStressTestMapper.deleteOperationLogs((Integer) any(), (Integer) any(), (java.sql.Timestamp) any())).thenReturn(1);
        { var m = new java.util.HashMap<String,Object>(); m.put("regionCode", "test"); m.put("cnt", 1L); m.put("amt", 1L); m.put("avgFee", java.math.BigDecimal.TEN); when(warpdriverStressTestMapper.selectSpGotoSkipLogic((String) any(), (String) any(), (java.sql.Date) any())).thenReturn(java.util.List.of(m)); }
        when(warpdriverStressTestMapper.selectSettlement((String) any(), (String) any(), (java.sql.Date) any())).thenReturn("1");
        when(warpdriverStressTestMapper.updateBulkOrders((Long) any(), (java.util.Map) any())).thenReturn(1);
        when(warpdriverStressTestMapper.selectCustomerRisk((Long) any(), (java.util.Map) any(), (java.util.Map) any())).thenReturn(999);
        when(warpdriverStressTestMapper.updateBulkOrders_1((Long) any(), (java.util.Map) any(), (java.util.Map) any())).thenReturn(1);
        when(warpdriverStressTestMapper.selectInventory((Long) any(), (java.util.Map) any())).thenReturn(999);
        when(warpdriverStressTestMapper.updateBulkOrders_2((Long) any(), (java.util.Map) any(), (java.util.Map) any())).thenReturn(1);
        when(warpdriverStressTestMapper.updateBulkOrders_3((Long) any(), (java.util.Map) any())).thenReturn(1);
        when(warpdriverStressTestMapper.updateOrders((Long) any(), (String) any())).thenReturn(1);
        when(warpdriverStressTestMapper.updateOrders_1((Long) any(), (String) any())).thenReturn(1);
        when(warpdriverStressTestMapper.updateOrders_2((Long) any(), (String) any())).thenReturn(1);
        when(warpdriverStressTestMapper.updateOrders_3((Long) any(), (String) any(), (Integer) any())).thenReturn(1);
        when(warpdriverStressTestMapper.updateOrders_4((Long) any(), (String) any())).thenReturn(1);
        when(warpdriverStressTestMapper.updateOrders_5((Long) any(), (String) any())).thenReturn(1);
        when(warpdriverStressTestMapper.updateOrders_6((Long) any(), (String) any())).thenReturn(1);
        when(warpdriverStressTestMapper.updateOrders_7((Long) any(), (String) any())).thenReturn(1);
        when(warpdriverStressTestMapper.updateOrders_8((Long) any(), (String) any())).thenReturn(1);
        when(warpdriverStressTestMapper.updateOrders_9((Long) any(), (String) any())).thenReturn(1);
        when(warpdriverStressTestMapper.updateOrders_10((Long) any(), (String) any())).thenReturn(1);
        when(warpdriverStressTestMapper.updateOrders_11((Long) any(), (String) any())).thenReturn(1);
        when(warpdriverStressTestMapper.selectOrders((Long) any(), (String) any())).thenReturn("1");
        when(warpdriverStressTestMapper.insertStateTransitions((Long) any(), (String) any(), (String) any())).thenReturn(1);
        when(warpdriverStressTestMapper.insertJobDispatchLog((String) any(), (String) any(), (String) any(), (Long) any())).thenReturn(1);
        { var m = new java.util.HashMap<String,Object>(); m.put("nodeId", 1L); when(warpdriverStressTestMapper.selectFnRecursiveTreeCleanup((Long) any(), (Integer) any())).thenReturn(java.util.List.of(m)); }
        when(warpdriverStressTestMapper.deleteTreeAttributes((Long) any(), (Integer) any(), (Long) any())).thenReturn(1);
        when(warpdriverStressTestMapper.deleteTreeNodes((Long) any(), (Integer) any(), (Long) any())).thenReturn(1);
        { var m = new java.util.HashMap<String,Object>(); m.put("orderId", 1L); m.put("totalAmount", java.math.BigDecimal.TEN); m.put("status", "test"); m.put("createTime", java.sql.Date.valueOf("2024-01-01")); when(warpdriverStressTestMapper.selectFnMultiCursorReturn((Long) any())).thenReturn(java.util.List.of(m)); }
        { var m = new java.util.HashMap<String,Object>(); m.put("paymentId", 1L); m.put("payAmount", java.math.BigDecimal.TEN); m.put("payChannel", 1L); m.put("payTime", java.sql.Date.valueOf("2024-01-01")); when(warpdriverStressTestMapper.selectFnMultiCursorReturn_1((Long) any())).thenReturn(java.util.List.of(m)); }
        when(warpdriverStressTestMapper.selectOrders_2((Long) any())).thenReturn(999);
        when(warpdriverStressTestMapper.selectPayments((Long) any())).thenReturn(999);
        when(warpdriverStressTestMapper.selectAccounts((Long) any(), (java.math.BigDecimal) any())).thenReturn(new java.math.BigDecimal("999.99"));
        when(warpdriverStressTestMapper.updateAccounts_1((Long) any(), (java.math.BigDecimal) any())).thenReturn(1);
        when(warpdriverStressTestMapper.insertAccountJournal((Long) any(), (java.math.BigDecimal) any())).thenReturn(1);
        when(warpdriverStressTestMapper.updateAccounts_2((Long) any(), (java.math.BigDecimal) any())).thenReturn(1);
        when(warpdriverStressTestMapper.insertRiskEvents((Long) any(), (java.math.BigDecimal) any())).thenReturn(1);
        when(warpdriverStressTestMapper.insertNotifications((Long) any(), (java.math.BigDecimal) any())).thenReturn(1);
        when(warpdriverStressTestMapper.insertSpSavepointHell((Long) any(), (java.math.BigDecimal) any())).thenReturn(1);
        when(warpdriverStressTestMapper.selectAccounts_1((Long) any(), (java.math.BigDecimal) any())).thenReturn(999);
        service.spAutonomousAudit(pAction, pDetail);
        verify(warpdriverStressTestMapper, atLeast(0)).insertAuditTrail((String) any(), (String) any());
    }

    @Test
    @org.junit.jupiter.api.Timeout(value = 5, unit = java.util.concurrent.TimeUnit.SECONDS)
    void test_fnDynamicExecutor_success() {
        String pSql = "test_pSql";
        Long pParam1 = 100L;
        String pParam2 = "test_pParam2";
        when(warpdriverStressTestMapper.insertAuditTrail((String) any(), (String) any())).thenReturn(1);
        { var m = new java.util.HashMap<String,Object>(); m.put("orderId", 1L); m.put("totalAmount", java.math.BigDecimal.TEN); m.put("status", "test"); when(warpdriverStressTestMapper.selectSpMainOrchestrator((String) any(), (String) any(), (java.sql.Date) any(), (Integer) any())).thenReturn(java.util.List.of(m)); }
        { var m = new java.util.HashMap<String,Object>(); m.put("orderId", 1L); m.put("totalAmount", java.math.BigDecimal.TEN); m.put("status", "test"); when(warpdriverStressTestMapper.selectSpMainOrchestrator_1((String) any(), (String) any(), (java.sql.Date) any())).thenReturn(java.util.List.of(m)); }
        when(warpdriverStressTestMapper.updateOrders((String) any(), (String) any(), (java.util.Map) any())).thenReturn(1);
        when(warpdriverStressTestMapper.insertErrorLog((String) any(), (String) any(), (Long) any(), (java.util.Map) any())).thenReturn(1);
        when(warpdriverStressTestMapper.insertOrderItemSnapshot((String) any(), (String) any(), (Long) any(), (java.util.List) any())).thenReturn(1);
        when(warpdriverStressTestMapper.insertDistributedLocks((Long) any(), (Long) any(), (String) any())).thenReturn(1);
        when(warpdriverStressTestMapper.selectOrders((Long) any())).thenReturn(new java.math.BigDecimal("999.99"));
        when(warpdriverStressTestMapper.updateOrders((Long) any())).thenReturn(1);
        when(warpdriverStressTestMapper.updateAccounts((Long) any(), (java.math.BigDecimal) any())).thenReturn(1);
        when(warpdriverStressTestMapper.insertTransactionLog((Long) any(), (java.math.BigDecimal) any())).thenReturn(1);
        when(warpdriverStressTestMapper.deleteDistributedLocks((Long) any(), (String) any())).thenReturn(1);
        when(warpdriverStressTestMapper.deleteDistributedLocks_1((Long) any(), (String) any())).thenReturn(1);
        when(warpdriverStressTestMapper.deleteOperationLogs((Integer) any(), (Integer) any(), (java.sql.Timestamp) any())).thenReturn(1);
        { var m = new java.util.HashMap<String,Object>(); m.put("regionCode", "test"); m.put("cnt", 1L); m.put("amt", 1L); m.put("avgFee", java.math.BigDecimal.TEN); when(warpdriverStressTestMapper.selectSpGotoSkipLogic((String) any(), (String) any(), (java.sql.Date) any())).thenReturn(java.util.List.of(m)); }
        when(warpdriverStressTestMapper.selectSettlement((String) any(), (String) any(), (java.sql.Date) any())).thenReturn("1");
        when(warpdriverStressTestMapper.updateBulkOrders((Long) any(), (java.util.Map) any())).thenReturn(1);
        when(warpdriverStressTestMapper.selectCustomerRisk((Long) any(), (java.util.Map) any(), (java.util.Map) any())).thenReturn(999);
        when(warpdriverStressTestMapper.updateBulkOrders_1((Long) any(), (java.util.Map) any(), (java.util.Map) any())).thenReturn(1);
        when(warpdriverStressTestMapper.selectInventory((Long) any(), (java.util.Map) any())).thenReturn(999);
        when(warpdriverStressTestMapper.updateBulkOrders_2((Long) any(), (java.util.Map) any(), (java.util.Map) any())).thenReturn(1);
        when(warpdriverStressTestMapper.updateBulkOrders_3((Long) any(), (java.util.Map) any())).thenReturn(1);
        when(warpdriverStressTestMapper.updateOrders((Long) any(), (String) any())).thenReturn(1);
        when(warpdriverStressTestMapper.updateOrders_1((Long) any(), (String) any())).thenReturn(1);
        when(warpdriverStressTestMapper.updateOrders_2((Long) any(), (String) any())).thenReturn(1);
        when(warpdriverStressTestMapper.updateOrders_3((Long) any(), (String) any(), (Integer) any())).thenReturn(1);
        when(warpdriverStressTestMapper.updateOrders_4((Long) any(), (String) any())).thenReturn(1);
        when(warpdriverStressTestMapper.updateOrders_5((Long) any(), (String) any())).thenReturn(1);
        when(warpdriverStressTestMapper.updateOrders_6((Long) any(), (String) any())).thenReturn(1);
        when(warpdriverStressTestMapper.updateOrders_7((Long) any(), (String) any())).thenReturn(1);
        when(warpdriverStressTestMapper.updateOrders_8((Long) any(), (String) any())).thenReturn(1);
        when(warpdriverStressTestMapper.updateOrders_9((Long) any(), (String) any())).thenReturn(1);
        when(warpdriverStressTestMapper.updateOrders_10((Long) any(), (String) any())).thenReturn(1);
        when(warpdriverStressTestMapper.updateOrders_11((Long) any(), (String) any())).thenReturn(1);
        when(warpdriverStressTestMapper.selectOrders((Long) any(), (String) any())).thenReturn("1");
        when(warpdriverStressTestMapper.insertStateTransitions((Long) any(), (String) any(), (String) any())).thenReturn(1);
        when(warpdriverStressTestMapper.insertJobDispatchLog((String) any(), (String) any(), (String) any(), (Long) any())).thenReturn(1);
        { var m = new java.util.HashMap<String,Object>(); m.put("nodeId", 1L); when(warpdriverStressTestMapper.selectFnRecursiveTreeCleanup((Long) any(), (Integer) any())).thenReturn(java.util.List.of(m)); }
        when(warpdriverStressTestMapper.deleteTreeAttributes((Long) any(), (Integer) any(), (Long) any())).thenReturn(1);
        when(warpdriverStressTestMapper.deleteTreeNodes((Long) any(), (Integer) any(), (Long) any())).thenReturn(1);
        { var m = new java.util.HashMap<String,Object>(); m.put("orderId", 1L); m.put("totalAmount", java.math.BigDecimal.TEN); m.put("status", "test"); m.put("createTime", java.sql.Date.valueOf("2024-01-01")); when(warpdriverStressTestMapper.selectFnMultiCursorReturn((Long) any())).thenReturn(java.util.List.of(m)); }
        { var m = new java.util.HashMap<String,Object>(); m.put("paymentId", 1L); m.put("payAmount", java.math.BigDecimal.TEN); m.put("payChannel", 1L); m.put("payTime", java.sql.Date.valueOf("2024-01-01")); when(warpdriverStressTestMapper.selectFnMultiCursorReturn_1((Long) any())).thenReturn(java.util.List.of(m)); }
        when(warpdriverStressTestMapper.selectOrders_2((Long) any())).thenReturn(999);
        when(warpdriverStressTestMapper.selectPayments((Long) any())).thenReturn(999);
        when(warpdriverStressTestMapper.selectAccounts((Long) any(), (java.math.BigDecimal) any())).thenReturn(new java.math.BigDecimal("999.99"));
        when(warpdriverStressTestMapper.updateAccounts_1((Long) any(), (java.math.BigDecimal) any())).thenReturn(1);
        when(warpdriverStressTestMapper.insertAccountJournal((Long) any(), (java.math.BigDecimal) any())).thenReturn(1);
        when(warpdriverStressTestMapper.updateAccounts_2((Long) any(), (java.math.BigDecimal) any())).thenReturn(1);
        when(warpdriverStressTestMapper.insertRiskEvents((Long) any(), (java.math.BigDecimal) any())).thenReturn(1);
        when(warpdriverStressTestMapper.insertNotifications((Long) any(), (java.math.BigDecimal) any())).thenReturn(1);
        when(warpdriverStressTestMapper.insertSpSavepointHell((Long) any(), (java.math.BigDecimal) any())).thenReturn(1);
        when(warpdriverStressTestMapper.selectAccounts_1((Long) any(), (java.math.BigDecimal) any())).thenReturn(999);
        var result = service.fnDynamicExecutor(pSql, pParam1, pParam2);
    }

    @org.junit.jupiter.api.Disabled("auto-generated mock cannot terminate while loop")
    @Test
    @org.junit.jupiter.api.Timeout(value = 5, unit = java.util.concurrent.TimeUnit.SECONDS)
    void test_spMainOrchestrator_success() {
        String pBizDate = "20240101";
        String pMode = "test_pMode";
        AtomicReference<java.math.BigDecimal> pTotalAmtRef = new AtomicReference<>(java.math.BigDecimal.ZERO);
        AtomicReference<Long> pLogIdRef = new AtomicReference<>(1L);
        when(warpdriverStressTestMapper.insertAuditTrail((String) any(), (String) any())).thenReturn(1);
        { var m = new java.util.HashMap<String,Object>(); m.put("orderId", 1L); m.put("totalAmount", java.math.BigDecimal.TEN); m.put("status", "test"); when(warpdriverStressTestMapper.selectSpMainOrchestrator((String) any(), (String) any(), (java.sql.Date) any(), (Integer) any())).thenReturn(java.util.List.of(m)); }
        { var m = new java.util.HashMap<String,Object>(); m.put("orderId", 1L); m.put("totalAmount", java.math.BigDecimal.TEN); m.put("status", "test"); when(warpdriverStressTestMapper.selectSpMainOrchestrator_1((String) any(), (String) any(), (java.sql.Date) any())).thenReturn(java.util.List.of(m)); }
        when(warpdriverStressTestMapper.updateOrders((String) any(), (String) any(), (java.util.Map) any())).thenReturn(1);
        when(warpdriverStressTestMapper.insertErrorLog((String) any(), (String) any(), (Long) any(), (java.util.Map) any())).thenReturn(1);
        when(warpdriverStressTestMapper.insertOrderItemSnapshot((String) any(), (String) any(), (Long) any(), (java.util.List) any())).thenReturn(1);
        when(warpdriverStressTestMapper.insertDistributedLocks((Long) any(), (Long) any(), (String) any())).thenReturn(1);
        when(warpdriverStressTestMapper.selectOrders((Long) any())).thenReturn(new java.math.BigDecimal("999.99"));
        when(warpdriverStressTestMapper.updateOrders((Long) any())).thenReturn(1);
        when(warpdriverStressTestMapper.updateAccounts((Long) any(), (java.math.BigDecimal) any())).thenReturn(1);
        when(warpdriverStressTestMapper.insertTransactionLog((Long) any(), (java.math.BigDecimal) any())).thenReturn(1);
        when(warpdriverStressTestMapper.deleteDistributedLocks((Long) any(), (String) any())).thenReturn(1);
        when(warpdriverStressTestMapper.deleteDistributedLocks_1((Long) any(), (String) any())).thenReturn(1);
        when(warpdriverStressTestMapper.deleteOperationLogs((Integer) any(), (Integer) any(), (java.sql.Timestamp) any())).thenReturn(1);
        { var m = new java.util.HashMap<String,Object>(); m.put("regionCode", "test"); m.put("cnt", 1L); m.put("amt", 1L); m.put("avgFee", java.math.BigDecimal.TEN); when(warpdriverStressTestMapper.selectSpGotoSkipLogic((String) any(), (String) any(), (java.sql.Date) any())).thenReturn(java.util.List.of(m)); }
        when(warpdriverStressTestMapper.selectSettlement((String) any(), (String) any(), (java.sql.Date) any())).thenReturn("1");
        when(warpdriverStressTestMapper.updateBulkOrders((Long) any(), (java.util.Map) any())).thenReturn(1);
        when(warpdriverStressTestMapper.selectCustomerRisk((Long) any(), (java.util.Map) any(), (java.util.Map) any())).thenReturn(999);
        when(warpdriverStressTestMapper.updateBulkOrders_1((Long) any(), (java.util.Map) any(), (java.util.Map) any())).thenReturn(1);
        when(warpdriverStressTestMapper.selectInventory((Long) any(), (java.util.Map) any())).thenReturn(999);
        when(warpdriverStressTestMapper.updateBulkOrders_2((Long) any(), (java.util.Map) any(), (java.util.Map) any())).thenReturn(1);
        when(warpdriverStressTestMapper.updateBulkOrders_3((Long) any(), (java.util.Map) any())).thenReturn(1);
        when(warpdriverStressTestMapper.updateOrders((Long) any(), (String) any())).thenReturn(1);
        when(warpdriverStressTestMapper.updateOrders_1((Long) any(), (String) any())).thenReturn(1);
        when(warpdriverStressTestMapper.updateOrders_2((Long) any(), (String) any())).thenReturn(1);
        when(warpdriverStressTestMapper.updateOrders_3((Long) any(), (String) any(), (Integer) any())).thenReturn(1);
        when(warpdriverStressTestMapper.updateOrders_4((Long) any(), (String) any())).thenReturn(1);
        when(warpdriverStressTestMapper.updateOrders_5((Long) any(), (String) any())).thenReturn(1);
        when(warpdriverStressTestMapper.updateOrders_6((Long) any(), (String) any())).thenReturn(1);
        when(warpdriverStressTestMapper.updateOrders_7((Long) any(), (String) any())).thenReturn(1);
        when(warpdriverStressTestMapper.updateOrders_8((Long) any(), (String) any())).thenReturn(1);
        when(warpdriverStressTestMapper.updateOrders_9((Long) any(), (String) any())).thenReturn(1);
        when(warpdriverStressTestMapper.updateOrders_10((Long) any(), (String) any())).thenReturn(1);
        when(warpdriverStressTestMapper.updateOrders_11((Long) any(), (String) any())).thenReturn(1);
        when(warpdriverStressTestMapper.selectOrders((Long) any(), (String) any())).thenReturn("1");
        when(warpdriverStressTestMapper.insertStateTransitions((Long) any(), (String) any(), (String) any())).thenReturn(1);
        when(warpdriverStressTestMapper.insertJobDispatchLog((String) any(), (String) any(), (String) any(), (Long) any())).thenReturn(1);
        { var m = new java.util.HashMap<String,Object>(); m.put("nodeId", 1L); when(warpdriverStressTestMapper.selectFnRecursiveTreeCleanup((Long) any(), (Integer) any())).thenReturn(java.util.List.of(m)); }
        when(warpdriverStressTestMapper.deleteTreeAttributes((Long) any(), (Integer) any(), (Long) any())).thenReturn(1);
        when(warpdriverStressTestMapper.deleteTreeNodes((Long) any(), (Integer) any(), (Long) any())).thenReturn(1);
        { var m = new java.util.HashMap<String,Object>(); m.put("orderId", 1L); m.put("totalAmount", java.math.BigDecimal.TEN); m.put("status", "test"); m.put("createTime", java.sql.Date.valueOf("2024-01-01")); when(warpdriverStressTestMapper.selectFnMultiCursorReturn((Long) any())).thenReturn(java.util.List.of(m)); }
        { var m = new java.util.HashMap<String,Object>(); m.put("paymentId", 1L); m.put("payAmount", java.math.BigDecimal.TEN); m.put("payChannel", 1L); m.put("payTime", java.sql.Date.valueOf("2024-01-01")); when(warpdriverStressTestMapper.selectFnMultiCursorReturn_1((Long) any())).thenReturn(java.util.List.of(m)); }
        when(warpdriverStressTestMapper.selectOrders_2((Long) any())).thenReturn(999);
        when(warpdriverStressTestMapper.selectPayments((Long) any())).thenReturn(999);
        when(warpdriverStressTestMapper.selectAccounts((Long) any(), (java.math.BigDecimal) any())).thenReturn(new java.math.BigDecimal("999.99"));
        when(warpdriverStressTestMapper.updateAccounts_1((Long) any(), (java.math.BigDecimal) any())).thenReturn(1);
        when(warpdriverStressTestMapper.insertAccountJournal((Long) any(), (java.math.BigDecimal) any())).thenReturn(1);
        when(warpdriverStressTestMapper.updateAccounts_2((Long) any(), (java.math.BigDecimal) any())).thenReturn(1);
        when(warpdriverStressTestMapper.insertRiskEvents((Long) any(), (java.math.BigDecimal) any())).thenReturn(1);
        when(warpdriverStressTestMapper.insertNotifications((Long) any(), (java.math.BigDecimal) any())).thenReturn(1);
        when(warpdriverStressTestMapper.insertSpSavepointHell((Long) any(), (java.math.BigDecimal) any())).thenReturn(1);
        when(warpdriverStressTestMapper.selectAccounts_1((Long) any(), (java.math.BigDecimal) any())).thenReturn(999);
        service.spMainOrchestrator(pBizDate, pMode, pTotalAmtRef, pLogIdRef);
        verify(warpdriverStressTestMapper, atLeast(0)).updateOrders((String) any(), (String) any(), (java.util.Map) any());
    }

    @Test
    @org.junit.jupiter.api.Timeout(value = 5, unit = java.util.concurrent.TimeUnit.SECONDS)
    void test_spGotoCleanupMaster_success() {
        Long pOrderId = 1L;
        AtomicReference<String> pResultRef = new AtomicReference<>(null);
        when(warpdriverStressTestMapper.insertAuditTrail((String) any(), (String) any())).thenReturn(1);
        { var m = new java.util.HashMap<String,Object>(); m.put("orderId", 1L); m.put("totalAmount", java.math.BigDecimal.TEN); m.put("status", "test"); when(warpdriverStressTestMapper.selectSpMainOrchestrator((String) any(), (String) any(), (java.sql.Date) any(), (Integer) any())).thenReturn(java.util.List.of(m)); }
        { var m = new java.util.HashMap<String,Object>(); m.put("orderId", 1L); m.put("totalAmount", java.math.BigDecimal.TEN); m.put("status", "test"); when(warpdriverStressTestMapper.selectSpMainOrchestrator_1((String) any(), (String) any(), (java.sql.Date) any())).thenReturn(java.util.List.of(m)); }
        when(warpdriverStressTestMapper.updateOrders((String) any(), (String) any(), (java.util.Map) any())).thenReturn(1);
        when(warpdriverStressTestMapper.insertErrorLog((String) any(), (String) any(), (Long) any(), (java.util.Map) any())).thenReturn(1);
        when(warpdriverStressTestMapper.insertOrderItemSnapshot((String) any(), (String) any(), (Long) any(), (java.util.List) any())).thenReturn(1);
        when(warpdriverStressTestMapper.insertDistributedLocks((Long) any(), (Long) any(), (String) any())).thenReturn(1);
        when(warpdriverStressTestMapper.selectOrders((Long) any())).thenReturn(new java.math.BigDecimal("999.99"));
        when(warpdriverStressTestMapper.updateOrders((Long) any())).thenReturn(1);
        when(warpdriverStressTestMapper.updateAccounts((Long) any(), (java.math.BigDecimal) any())).thenReturn(1);
        when(warpdriverStressTestMapper.insertTransactionLog((Long) any(), (java.math.BigDecimal) any())).thenReturn(1);
        when(warpdriverStressTestMapper.deleteDistributedLocks((Long) any(), (String) any())).thenReturn(1);
        when(warpdriverStressTestMapper.deleteDistributedLocks_1((Long) any(), (String) any())).thenReturn(1);
        when(warpdriverStressTestMapper.deleteOperationLogs((Integer) any(), (Integer) any(), (java.sql.Timestamp) any())).thenReturn(1);
        { var m = new java.util.HashMap<String,Object>(); m.put("regionCode", "test"); m.put("cnt", 1L); m.put("amt", 1L); m.put("avgFee", java.math.BigDecimal.TEN); when(warpdriverStressTestMapper.selectSpGotoSkipLogic((String) any(), (String) any(), (java.sql.Date) any())).thenReturn(java.util.List.of(m)); }
        when(warpdriverStressTestMapper.selectSettlement((String) any(), (String) any(), (java.sql.Date) any())).thenReturn("1");
        when(warpdriverStressTestMapper.updateBulkOrders((Long) any(), (java.util.Map) any())).thenReturn(1);
        when(warpdriverStressTestMapper.selectCustomerRisk((Long) any(), (java.util.Map) any(), (java.util.Map) any())).thenReturn(999);
        when(warpdriverStressTestMapper.updateBulkOrders_1((Long) any(), (java.util.Map) any(), (java.util.Map) any())).thenReturn(1);
        when(warpdriverStressTestMapper.selectInventory((Long) any(), (java.util.Map) any())).thenReturn(999);
        when(warpdriverStressTestMapper.updateBulkOrders_2((Long) any(), (java.util.Map) any(), (java.util.Map) any())).thenReturn(1);
        when(warpdriverStressTestMapper.updateBulkOrders_3((Long) any(), (java.util.Map) any())).thenReturn(1);
        when(warpdriverStressTestMapper.updateOrders((Long) any(), (String) any())).thenReturn(1);
        when(warpdriverStressTestMapper.updateOrders_1((Long) any(), (String) any())).thenReturn(1);
        when(warpdriverStressTestMapper.updateOrders_2((Long) any(), (String) any())).thenReturn(1);
        when(warpdriverStressTestMapper.updateOrders_3((Long) any(), (String) any(), (Integer) any())).thenReturn(1);
        when(warpdriverStressTestMapper.updateOrders_4((Long) any(), (String) any())).thenReturn(1);
        when(warpdriverStressTestMapper.updateOrders_5((Long) any(), (String) any())).thenReturn(1);
        when(warpdriverStressTestMapper.updateOrders_6((Long) any(), (String) any())).thenReturn(1);
        when(warpdriverStressTestMapper.updateOrders_7((Long) any(), (String) any())).thenReturn(1);
        when(warpdriverStressTestMapper.updateOrders_8((Long) any(), (String) any())).thenReturn(1);
        when(warpdriverStressTestMapper.updateOrders_9((Long) any(), (String) any())).thenReturn(1);
        when(warpdriverStressTestMapper.updateOrders_10((Long) any(), (String) any())).thenReturn(1);
        when(warpdriverStressTestMapper.updateOrders_11((Long) any(), (String) any())).thenReturn(1);
        when(warpdriverStressTestMapper.selectOrders((Long) any(), (String) any())).thenReturn("1");
        when(warpdriverStressTestMapper.insertStateTransitions((Long) any(), (String) any(), (String) any())).thenReturn(1);
        when(warpdriverStressTestMapper.insertJobDispatchLog((String) any(), (String) any(), (String) any(), (Long) any())).thenReturn(1);
        { var m = new java.util.HashMap<String,Object>(); m.put("nodeId", 1L); when(warpdriverStressTestMapper.selectFnRecursiveTreeCleanup((Long) any(), (Integer) any())).thenReturn(java.util.List.of(m)); }
        when(warpdriverStressTestMapper.deleteTreeAttributes((Long) any(), (Integer) any(), (Long) any())).thenReturn(1);
        when(warpdriverStressTestMapper.deleteTreeNodes((Long) any(), (Integer) any(), (Long) any())).thenReturn(1);
        { var m = new java.util.HashMap<String,Object>(); m.put("orderId", 1L); m.put("totalAmount", java.math.BigDecimal.TEN); m.put("status", "test"); m.put("createTime", java.sql.Date.valueOf("2024-01-01")); when(warpdriverStressTestMapper.selectFnMultiCursorReturn((Long) any())).thenReturn(java.util.List.of(m)); }
        { var m = new java.util.HashMap<String,Object>(); m.put("paymentId", 1L); m.put("payAmount", java.math.BigDecimal.TEN); m.put("payChannel", 1L); m.put("payTime", java.sql.Date.valueOf("2024-01-01")); when(warpdriverStressTestMapper.selectFnMultiCursorReturn_1((Long) any())).thenReturn(java.util.List.of(m)); }
        when(warpdriverStressTestMapper.selectOrders_2((Long) any())).thenReturn(999);
        when(warpdriverStressTestMapper.selectPayments((Long) any())).thenReturn(999);
        when(warpdriverStressTestMapper.selectAccounts((Long) any(), (java.math.BigDecimal) any())).thenReturn(new java.math.BigDecimal("999.99"));
        when(warpdriverStressTestMapper.updateAccounts_1((Long) any(), (java.math.BigDecimal) any())).thenReturn(1);
        when(warpdriverStressTestMapper.insertAccountJournal((Long) any(), (java.math.BigDecimal) any())).thenReturn(1);
        when(warpdriverStressTestMapper.updateAccounts_2((Long) any(), (java.math.BigDecimal) any())).thenReturn(1);
        when(warpdriverStressTestMapper.insertRiskEvents((Long) any(), (java.math.BigDecimal) any())).thenReturn(1);
        when(warpdriverStressTestMapper.insertNotifications((Long) any(), (java.math.BigDecimal) any())).thenReturn(1);
        when(warpdriverStressTestMapper.insertSpSavepointHell((Long) any(), (java.math.BigDecimal) any())).thenReturn(1);
        when(warpdriverStressTestMapper.selectAccounts_1((Long) any(), (java.math.BigDecimal) any())).thenReturn(999);
        service.spGotoCleanupMaster(pOrderId, pResultRef);
        verify(warpdriverStressTestMapper, atLeast(0)).insertDistributedLocks((Long) any(), (Long) any(), (String) any());
    }

    @Test
    @org.junit.jupiter.api.Timeout(value = 5, unit = java.util.concurrent.TimeUnit.SECONDS)
    void test_spGotoLoopPurge_success() {
        Integer pRetentionDays = 1;
        AtomicReference<Integer> pDeletedCntRef = new AtomicReference<>(0);
        when(warpdriverStressTestMapper.insertAuditTrail((String) any(), (String) any())).thenReturn(1);
        { var m = new java.util.HashMap<String,Object>(); m.put("orderId", 1L); m.put("totalAmount", java.math.BigDecimal.TEN); m.put("status", "test"); when(warpdriverStressTestMapper.selectSpMainOrchestrator((String) any(), (String) any(), (java.sql.Date) any(), (Integer) any())).thenReturn(java.util.List.of(m)); }
        { var m = new java.util.HashMap<String,Object>(); m.put("orderId", 1L); m.put("totalAmount", java.math.BigDecimal.TEN); m.put("status", "test"); when(warpdriverStressTestMapper.selectSpMainOrchestrator_1((String) any(), (String) any(), (java.sql.Date) any())).thenReturn(java.util.List.of(m)); }
        when(warpdriverStressTestMapper.updateOrders((String) any(), (String) any(), (java.util.Map) any())).thenReturn(1);
        when(warpdriverStressTestMapper.insertErrorLog((String) any(), (String) any(), (Long) any(), (java.util.Map) any())).thenReturn(1);
        when(warpdriverStressTestMapper.insertOrderItemSnapshot((String) any(), (String) any(), (Long) any(), (java.util.List) any())).thenReturn(1);
        when(warpdriverStressTestMapper.insertDistributedLocks((Long) any(), (Long) any(), (String) any())).thenReturn(1);
        when(warpdriverStressTestMapper.selectOrders((Long) any())).thenReturn(new java.math.BigDecimal("999.99"));
        when(warpdriverStressTestMapper.updateOrders((Long) any())).thenReturn(1);
        when(warpdriverStressTestMapper.updateAccounts((Long) any(), (java.math.BigDecimal) any())).thenReturn(1);
        when(warpdriverStressTestMapper.insertTransactionLog((Long) any(), (java.math.BigDecimal) any())).thenReturn(1);
        when(warpdriverStressTestMapper.deleteDistributedLocks((Long) any(), (String) any())).thenReturn(1);
        when(warpdriverStressTestMapper.deleteDistributedLocks_1((Long) any(), (String) any())).thenReturn(1);
        when(warpdriverStressTestMapper.deleteOperationLogs((Integer) any(), (Integer) any(), (java.sql.Timestamp) any())).thenReturn(1);
        { var m = new java.util.HashMap<String,Object>(); m.put("regionCode", "test"); m.put("cnt", 1L); m.put("amt", 1L); m.put("avgFee", java.math.BigDecimal.TEN); when(warpdriverStressTestMapper.selectSpGotoSkipLogic((String) any(), (String) any(), (java.sql.Date) any())).thenReturn(java.util.List.of(m)); }
        when(warpdriverStressTestMapper.selectSettlement((String) any(), (String) any(), (java.sql.Date) any())).thenReturn("1");
        when(warpdriverStressTestMapper.updateBulkOrders((Long) any(), (java.util.Map) any())).thenReturn(1);
        when(warpdriverStressTestMapper.selectCustomerRisk((Long) any(), (java.util.Map) any(), (java.util.Map) any())).thenReturn(999);
        when(warpdriverStressTestMapper.updateBulkOrders_1((Long) any(), (java.util.Map) any(), (java.util.Map) any())).thenReturn(1);
        when(warpdriverStressTestMapper.selectInventory((Long) any(), (java.util.Map) any())).thenReturn(999);
        when(warpdriverStressTestMapper.updateBulkOrders_2((Long) any(), (java.util.Map) any(), (java.util.Map) any())).thenReturn(1);
        when(warpdriverStressTestMapper.updateBulkOrders_3((Long) any(), (java.util.Map) any())).thenReturn(1);
        when(warpdriverStressTestMapper.updateOrders((Long) any(), (String) any())).thenReturn(1);
        when(warpdriverStressTestMapper.updateOrders_1((Long) any(), (String) any())).thenReturn(1);
        when(warpdriverStressTestMapper.updateOrders_2((Long) any(), (String) any())).thenReturn(1);
        when(warpdriverStressTestMapper.updateOrders_3((Long) any(), (String) any(), (Integer) any())).thenReturn(1);
        when(warpdriverStressTestMapper.updateOrders_4((Long) any(), (String) any())).thenReturn(1);
        when(warpdriverStressTestMapper.updateOrders_5((Long) any(), (String) any())).thenReturn(1);
        when(warpdriverStressTestMapper.updateOrders_6((Long) any(), (String) any())).thenReturn(1);
        when(warpdriverStressTestMapper.updateOrders_7((Long) any(), (String) any())).thenReturn(1);
        when(warpdriverStressTestMapper.updateOrders_8((Long) any(), (String) any())).thenReturn(1);
        when(warpdriverStressTestMapper.updateOrders_9((Long) any(), (String) any())).thenReturn(1);
        when(warpdriverStressTestMapper.updateOrders_10((Long) any(), (String) any())).thenReturn(1);
        when(warpdriverStressTestMapper.updateOrders_11((Long) any(), (String) any())).thenReturn(1);
        when(warpdriverStressTestMapper.selectOrders((Long) any(), (String) any())).thenReturn("1");
        when(warpdriverStressTestMapper.insertStateTransitions((Long) any(), (String) any(), (String) any())).thenReturn(1);
        when(warpdriverStressTestMapper.insertJobDispatchLog((String) any(), (String) any(), (String) any(), (Long) any())).thenReturn(1);
        { var m = new java.util.HashMap<String,Object>(); m.put("nodeId", 1L); when(warpdriverStressTestMapper.selectFnRecursiveTreeCleanup((Long) any(), (Integer) any())).thenReturn(java.util.List.of(m)); }
        when(warpdriverStressTestMapper.deleteTreeAttributes((Long) any(), (Integer) any(), (Long) any())).thenReturn(1);
        when(warpdriverStressTestMapper.deleteTreeNodes((Long) any(), (Integer) any(), (Long) any())).thenReturn(1);
        { var m = new java.util.HashMap<String,Object>(); m.put("orderId", 1L); m.put("totalAmount", java.math.BigDecimal.TEN); m.put("status", "test"); m.put("createTime", java.sql.Date.valueOf("2024-01-01")); when(warpdriverStressTestMapper.selectFnMultiCursorReturn((Long) any())).thenReturn(java.util.List.of(m)); }
        { var m = new java.util.HashMap<String,Object>(); m.put("paymentId", 1L); m.put("payAmount", java.math.BigDecimal.TEN); m.put("payChannel", 1L); m.put("payTime", java.sql.Date.valueOf("2024-01-01")); when(warpdriverStressTestMapper.selectFnMultiCursorReturn_1((Long) any())).thenReturn(java.util.List.of(m)); }
        when(warpdriverStressTestMapper.selectOrders_2((Long) any())).thenReturn(999);
        when(warpdriverStressTestMapper.selectPayments((Long) any())).thenReturn(999);
        when(warpdriverStressTestMapper.selectAccounts((Long) any(), (java.math.BigDecimal) any())).thenReturn(new java.math.BigDecimal("999.99"));
        when(warpdriverStressTestMapper.updateAccounts_1((Long) any(), (java.math.BigDecimal) any())).thenReturn(1);
        when(warpdriverStressTestMapper.insertAccountJournal((Long) any(), (java.math.BigDecimal) any())).thenReturn(1);
        when(warpdriverStressTestMapper.updateAccounts_2((Long) any(), (java.math.BigDecimal) any())).thenReturn(1);
        when(warpdriverStressTestMapper.insertRiskEvents((Long) any(), (java.math.BigDecimal) any())).thenReturn(1);
        when(warpdriverStressTestMapper.insertNotifications((Long) any(), (java.math.BigDecimal) any())).thenReturn(1);
        when(warpdriverStressTestMapper.insertSpSavepointHell((Long) any(), (java.math.BigDecimal) any())).thenReturn(1);
        when(warpdriverStressTestMapper.selectAccounts_1((Long) any(), (java.math.BigDecimal) any())).thenReturn(999);
        service.spGotoLoopPurge(pRetentionDays, pDeletedCntRef);
        verify(warpdriverStressTestMapper, atLeast(0)).deleteOperationLogs((Integer) any(), (Integer) any(), (java.sql.Timestamp) any());
    }

    @Test
    @org.junit.jupiter.api.Timeout(value = 5, unit = java.util.concurrent.TimeUnit.SECONDS)
    void test_spGotoSkipLogic_success() {
        String pReportType = "test_pReportType";
        String pBizDate = "20240101";
        AtomicReference<String> pContentRef = new AtomicReference<>(null);
        when(warpdriverStressTestMapper.insertAuditTrail((String) any(), (String) any())).thenReturn(1);
        { var m = new java.util.HashMap<String,Object>(); m.put("orderId", 1L); m.put("totalAmount", java.math.BigDecimal.TEN); m.put("status", "test"); when(warpdriverStressTestMapper.selectSpMainOrchestrator((String) any(), (String) any(), (java.sql.Date) any(), (Integer) any())).thenReturn(java.util.List.of(m)); }
        { var m = new java.util.HashMap<String,Object>(); m.put("orderId", 1L); m.put("totalAmount", java.math.BigDecimal.TEN); m.put("status", "test"); when(warpdriverStressTestMapper.selectSpMainOrchestrator_1((String) any(), (String) any(), (java.sql.Date) any())).thenReturn(java.util.List.of(m)); }
        when(warpdriverStressTestMapper.updateOrders((String) any(), (String) any(), (java.util.Map) any())).thenReturn(1);
        when(warpdriverStressTestMapper.insertErrorLog((String) any(), (String) any(), (Long) any(), (java.util.Map) any())).thenReturn(1);
        when(warpdriverStressTestMapper.insertOrderItemSnapshot((String) any(), (String) any(), (Long) any(), (java.util.List) any())).thenReturn(1);
        when(warpdriverStressTestMapper.insertDistributedLocks((Long) any(), (Long) any(), (String) any())).thenReturn(1);
        when(warpdriverStressTestMapper.selectOrders((Long) any())).thenReturn(new java.math.BigDecimal("999.99"));
        when(warpdriverStressTestMapper.updateOrders((Long) any())).thenReturn(1);
        when(warpdriverStressTestMapper.updateAccounts((Long) any(), (java.math.BigDecimal) any())).thenReturn(1);
        when(warpdriverStressTestMapper.insertTransactionLog((Long) any(), (java.math.BigDecimal) any())).thenReturn(1);
        when(warpdriverStressTestMapper.deleteDistributedLocks((Long) any(), (String) any())).thenReturn(1);
        when(warpdriverStressTestMapper.deleteDistributedLocks_1((Long) any(), (String) any())).thenReturn(1);
        when(warpdriverStressTestMapper.deleteOperationLogs((Integer) any(), (Integer) any(), (java.sql.Timestamp) any())).thenReturn(1);
        { var m = new java.util.HashMap<String,Object>(); m.put("regionCode", "test"); m.put("cnt", 1L); m.put("amt", 1L); m.put("avgFee", java.math.BigDecimal.TEN); when(warpdriverStressTestMapper.selectSpGotoSkipLogic((String) any(), (String) any(), (java.sql.Date) any())).thenReturn(java.util.List.of(m)); }
        when(warpdriverStressTestMapper.selectSettlement((String) any(), (String) any(), (java.sql.Date) any())).thenReturn("1");
        when(warpdriverStressTestMapper.updateBulkOrders((Long) any(), (java.util.Map) any())).thenReturn(1);
        when(warpdriverStressTestMapper.selectCustomerRisk((Long) any(), (java.util.Map) any(), (java.util.Map) any())).thenReturn(999);
        when(warpdriverStressTestMapper.updateBulkOrders_1((Long) any(), (java.util.Map) any(), (java.util.Map) any())).thenReturn(1);
        when(warpdriverStressTestMapper.selectInventory((Long) any(), (java.util.Map) any())).thenReturn(999);
        when(warpdriverStressTestMapper.updateBulkOrders_2((Long) any(), (java.util.Map) any(), (java.util.Map) any())).thenReturn(1);
        when(warpdriverStressTestMapper.updateBulkOrders_3((Long) any(), (java.util.Map) any())).thenReturn(1);
        when(warpdriverStressTestMapper.updateOrders((Long) any(), (String) any())).thenReturn(1);
        when(warpdriverStressTestMapper.updateOrders_1((Long) any(), (String) any())).thenReturn(1);
        when(warpdriverStressTestMapper.updateOrders_2((Long) any(), (String) any())).thenReturn(1);
        when(warpdriverStressTestMapper.updateOrders_3((Long) any(), (String) any(), (Integer) any())).thenReturn(1);
        when(warpdriverStressTestMapper.updateOrders_4((Long) any(), (String) any())).thenReturn(1);
        when(warpdriverStressTestMapper.updateOrders_5((Long) any(), (String) any())).thenReturn(1);
        when(warpdriverStressTestMapper.updateOrders_6((Long) any(), (String) any())).thenReturn(1);
        when(warpdriverStressTestMapper.updateOrders_7((Long) any(), (String) any())).thenReturn(1);
        when(warpdriverStressTestMapper.updateOrders_8((Long) any(), (String) any())).thenReturn(1);
        when(warpdriverStressTestMapper.updateOrders_9((Long) any(), (String) any())).thenReturn(1);
        when(warpdriverStressTestMapper.updateOrders_10((Long) any(), (String) any())).thenReturn(1);
        when(warpdriverStressTestMapper.updateOrders_11((Long) any(), (String) any())).thenReturn(1);
        when(warpdriverStressTestMapper.selectOrders((Long) any(), (String) any())).thenReturn("1");
        when(warpdriverStressTestMapper.insertStateTransitions((Long) any(), (String) any(), (String) any())).thenReturn(1);
        when(warpdriverStressTestMapper.insertJobDispatchLog((String) any(), (String) any(), (String) any(), (Long) any())).thenReturn(1);
        { var m = new java.util.HashMap<String,Object>(); m.put("nodeId", 1L); when(warpdriverStressTestMapper.selectFnRecursiveTreeCleanup((Long) any(), (Integer) any())).thenReturn(java.util.List.of(m)); }
        when(warpdriverStressTestMapper.deleteTreeAttributes((Long) any(), (Integer) any(), (Long) any())).thenReturn(1);
        when(warpdriverStressTestMapper.deleteTreeNodes((Long) any(), (Integer) any(), (Long) any())).thenReturn(1);
        { var m = new java.util.HashMap<String,Object>(); m.put("orderId", 1L); m.put("totalAmount", java.math.BigDecimal.TEN); m.put("status", "test"); m.put("createTime", java.sql.Date.valueOf("2024-01-01")); when(warpdriverStressTestMapper.selectFnMultiCursorReturn((Long) any())).thenReturn(java.util.List.of(m)); }
        { var m = new java.util.HashMap<String,Object>(); m.put("paymentId", 1L); m.put("payAmount", java.math.BigDecimal.TEN); m.put("payChannel", 1L); m.put("payTime", java.sql.Date.valueOf("2024-01-01")); when(warpdriverStressTestMapper.selectFnMultiCursorReturn_1((Long) any())).thenReturn(java.util.List.of(m)); }
        when(warpdriverStressTestMapper.selectOrders_2((Long) any())).thenReturn(999);
        when(warpdriverStressTestMapper.selectPayments((Long) any())).thenReturn(999);
        when(warpdriverStressTestMapper.selectAccounts((Long) any(), (java.math.BigDecimal) any())).thenReturn(new java.math.BigDecimal("999.99"));
        when(warpdriverStressTestMapper.updateAccounts_1((Long) any(), (java.math.BigDecimal) any())).thenReturn(1);
        when(warpdriverStressTestMapper.insertAccountJournal((Long) any(), (java.math.BigDecimal) any())).thenReturn(1);
        when(warpdriverStressTestMapper.updateAccounts_2((Long) any(), (java.math.BigDecimal) any())).thenReturn(1);
        when(warpdriverStressTestMapper.insertRiskEvents((Long) any(), (java.math.BigDecimal) any())).thenReturn(1);
        when(warpdriverStressTestMapper.insertNotifications((Long) any(), (java.math.BigDecimal) any())).thenReturn(1);
        when(warpdriverStressTestMapper.insertSpSavepointHell((Long) any(), (java.math.BigDecimal) any())).thenReturn(1);
        when(warpdriverStressTestMapper.selectAccounts_1((Long) any(), (java.math.BigDecimal) any())).thenReturn(999);
        service.spGotoSkipLogic(pReportType, pBizDate, pContentRef);
    }

    @org.junit.jupiter.api.Disabled("auto-generated mock cannot terminate while loop")
    @Test
    @org.junit.jupiter.api.Timeout(value = 5, unit = java.util.concurrent.TimeUnit.SECONDS)
    void test_spGotoDeepEscape_success() {
        Long pBatchId = 1L;
        AtomicReference<Integer> pInvalidCntRef = new AtomicReference<>(0);
        when(warpdriverStressTestMapper.insertAuditTrail((String) any(), (String) any())).thenReturn(1);
        { var m = new java.util.HashMap<String,Object>(); m.put("orderId", 1L); m.put("totalAmount", java.math.BigDecimal.TEN); m.put("status", "test"); when(warpdriverStressTestMapper.selectSpMainOrchestrator((String) any(), (String) any(), (java.sql.Date) any(), (Integer) any())).thenReturn(java.util.List.of(m)); }
        { var m = new java.util.HashMap<String,Object>(); m.put("orderId", 1L); m.put("totalAmount", java.math.BigDecimal.TEN); m.put("status", "test"); when(warpdriverStressTestMapper.selectSpMainOrchestrator_1((String) any(), (String) any(), (java.sql.Date) any())).thenReturn(java.util.List.of(m)); }
        when(warpdriverStressTestMapper.updateOrders((String) any(), (String) any(), (java.util.Map) any())).thenReturn(1);
        when(warpdriverStressTestMapper.insertErrorLog((String) any(), (String) any(), (Long) any(), (java.util.Map) any())).thenReturn(1);
        when(warpdriverStressTestMapper.insertOrderItemSnapshot((String) any(), (String) any(), (Long) any(), (java.util.List) any())).thenReturn(1);
        when(warpdriverStressTestMapper.insertDistributedLocks((Long) any(), (Long) any(), (String) any())).thenReturn(1);
        when(warpdriverStressTestMapper.selectOrders((Long) any())).thenReturn(new java.math.BigDecimal("999.99"));
        when(warpdriverStressTestMapper.updateOrders((Long) any())).thenReturn(1);
        when(warpdriverStressTestMapper.updateAccounts((Long) any(), (java.math.BigDecimal) any())).thenReturn(1);
        when(warpdriverStressTestMapper.insertTransactionLog((Long) any(), (java.math.BigDecimal) any())).thenReturn(1);
        when(warpdriverStressTestMapper.deleteDistributedLocks((Long) any(), (String) any())).thenReturn(1);
        when(warpdriverStressTestMapper.deleteDistributedLocks_1((Long) any(), (String) any())).thenReturn(1);
        when(warpdriverStressTestMapper.deleteOperationLogs((Integer) any(), (Integer) any(), (java.sql.Timestamp) any())).thenReturn(1);
        { var m = new java.util.HashMap<String,Object>(); m.put("regionCode", "test"); m.put("cnt", 1L); m.put("amt", 1L); m.put("avgFee", java.math.BigDecimal.TEN); when(warpdriverStressTestMapper.selectSpGotoSkipLogic((String) any(), (String) any(), (java.sql.Date) any())).thenReturn(java.util.List.of(m)); }
        when(warpdriverStressTestMapper.selectSettlement((String) any(), (String) any(), (java.sql.Date) any())).thenReturn("1");
        when(warpdriverStressTestMapper.updateBulkOrders((Long) any(), (java.util.Map) any())).thenReturn(1);
        when(warpdriverStressTestMapper.selectCustomerRisk((Long) any(), (java.util.Map) any(), (java.util.Map) any())).thenReturn(999);
        when(warpdriverStressTestMapper.updateBulkOrders_1((Long) any(), (java.util.Map) any(), (java.util.Map) any())).thenReturn(1);
        when(warpdriverStressTestMapper.selectInventory((Long) any(), (java.util.Map) any())).thenReturn(999);
        when(warpdriverStressTestMapper.updateBulkOrders_2((Long) any(), (java.util.Map) any(), (java.util.Map) any())).thenReturn(1);
        when(warpdriverStressTestMapper.updateBulkOrders_3((Long) any(), (java.util.Map) any())).thenReturn(1);
        when(warpdriverStressTestMapper.updateOrders((Long) any(), (String) any())).thenReturn(1);
        when(warpdriverStressTestMapper.updateOrders_1((Long) any(), (String) any())).thenReturn(1);
        when(warpdriverStressTestMapper.updateOrders_2((Long) any(), (String) any())).thenReturn(1);
        when(warpdriverStressTestMapper.updateOrders_3((Long) any(), (String) any(), (Integer) any())).thenReturn(1);
        when(warpdriverStressTestMapper.updateOrders_4((Long) any(), (String) any())).thenReturn(1);
        when(warpdriverStressTestMapper.updateOrders_5((Long) any(), (String) any())).thenReturn(1);
        when(warpdriverStressTestMapper.updateOrders_6((Long) any(), (String) any())).thenReturn(1);
        when(warpdriverStressTestMapper.updateOrders_7((Long) any(), (String) any())).thenReturn(1);
        when(warpdriverStressTestMapper.updateOrders_8((Long) any(), (String) any())).thenReturn(1);
        when(warpdriverStressTestMapper.updateOrders_9((Long) any(), (String) any())).thenReturn(1);
        when(warpdriverStressTestMapper.updateOrders_10((Long) any(), (String) any())).thenReturn(1);
        when(warpdriverStressTestMapper.updateOrders_11((Long) any(), (String) any())).thenReturn(1);
        when(warpdriverStressTestMapper.selectOrders((Long) any(), (String) any())).thenReturn("1");
        when(warpdriverStressTestMapper.insertStateTransitions((Long) any(), (String) any(), (String) any())).thenReturn(1);
        when(warpdriverStressTestMapper.insertJobDispatchLog((String) any(), (String) any(), (String) any(), (Long) any())).thenReturn(1);
        { var m = new java.util.HashMap<String,Object>(); m.put("nodeId", 1L); when(warpdriverStressTestMapper.selectFnRecursiveTreeCleanup((Long) any(), (Integer) any())).thenReturn(java.util.List.of(m)); }
        when(warpdriverStressTestMapper.deleteTreeAttributes((Long) any(), (Integer) any(), (Long) any())).thenReturn(1);
        when(warpdriverStressTestMapper.deleteTreeNodes((Long) any(), (Integer) any(), (Long) any())).thenReturn(1);
        { var m = new java.util.HashMap<String,Object>(); m.put("orderId", 1L); m.put("totalAmount", java.math.BigDecimal.TEN); m.put("status", "test"); m.put("createTime", java.sql.Date.valueOf("2024-01-01")); when(warpdriverStressTestMapper.selectFnMultiCursorReturn((Long) any())).thenReturn(java.util.List.of(m)); }
        { var m = new java.util.HashMap<String,Object>(); m.put("paymentId", 1L); m.put("payAmount", java.math.BigDecimal.TEN); m.put("payChannel", 1L); m.put("payTime", java.sql.Date.valueOf("2024-01-01")); when(warpdriverStressTestMapper.selectFnMultiCursorReturn_1((Long) any())).thenReturn(java.util.List.of(m)); }
        when(warpdriverStressTestMapper.selectOrders_2((Long) any())).thenReturn(999);
        when(warpdriverStressTestMapper.selectPayments((Long) any())).thenReturn(999);
        when(warpdriverStressTestMapper.selectAccounts((Long) any(), (java.math.BigDecimal) any())).thenReturn(new java.math.BigDecimal("999.99"));
        when(warpdriverStressTestMapper.updateAccounts_1((Long) any(), (java.math.BigDecimal) any())).thenReturn(1);
        when(warpdriverStressTestMapper.insertAccountJournal((Long) any(), (java.math.BigDecimal) any())).thenReturn(1);
        when(warpdriverStressTestMapper.updateAccounts_2((Long) any(), (java.math.BigDecimal) any())).thenReturn(1);
        when(warpdriverStressTestMapper.insertRiskEvents((Long) any(), (java.math.BigDecimal) any())).thenReturn(1);
        when(warpdriverStressTestMapper.insertNotifications((Long) any(), (java.math.BigDecimal) any())).thenReturn(1);
        when(warpdriverStressTestMapper.insertSpSavepointHell((Long) any(), (java.math.BigDecimal) any())).thenReturn(1);
        when(warpdriverStressTestMapper.selectAccounts_1((Long) any(), (java.math.BigDecimal) any())).thenReturn(999);
        service.spGotoDeepEscape(pBatchId, pInvalidCntRef);
        verify(warpdriverStressTestMapper, atLeast(0)).updateBulkOrders((Long) any(), (java.util.Map) any());
    }

    @org.junit.jupiter.api.Disabled("auto-generated mock cannot terminate while loop")
    @Test
    @org.junit.jupiter.api.Timeout(value = 5, unit = java.util.concurrent.TimeUnit.SECONDS)
    void test_spGotoStateMachine_success() {
        Long pOrderId = 1L;
        String pEvent = "test_pEvent";
        AtomicReference<String> pFinalStateRef = new AtomicReference<>(null);
        when(warpdriverStressTestMapper.insertAuditTrail((String) any(), (String) any())).thenReturn(1);
        { var m = new java.util.HashMap<String,Object>(); m.put("orderId", 1L); m.put("totalAmount", java.math.BigDecimal.TEN); m.put("status", "test"); when(warpdriverStressTestMapper.selectSpMainOrchestrator((String) any(), (String) any(), (java.sql.Date) any(), (Integer) any())).thenReturn(java.util.List.of(m)); }
        { var m = new java.util.HashMap<String,Object>(); m.put("orderId", 1L); m.put("totalAmount", java.math.BigDecimal.TEN); m.put("status", "test"); when(warpdriverStressTestMapper.selectSpMainOrchestrator_1((String) any(), (String) any(), (java.sql.Date) any())).thenReturn(java.util.List.of(m)); }
        when(warpdriverStressTestMapper.updateOrders((String) any(), (String) any(), (java.util.Map) any())).thenReturn(1);
        when(warpdriverStressTestMapper.insertErrorLog((String) any(), (String) any(), (Long) any(), (java.util.Map) any())).thenReturn(1);
        when(warpdriverStressTestMapper.insertOrderItemSnapshot((String) any(), (String) any(), (Long) any(), (java.util.List) any())).thenReturn(1);
        when(warpdriverStressTestMapper.insertDistributedLocks((Long) any(), (Long) any(), (String) any())).thenReturn(1);
        when(warpdriverStressTestMapper.selectOrders((Long) any())).thenReturn(new java.math.BigDecimal("999.99"));
        when(warpdriverStressTestMapper.updateOrders((Long) any())).thenReturn(1);
        when(warpdriverStressTestMapper.updateAccounts((Long) any(), (java.math.BigDecimal) any())).thenReturn(1);
        when(warpdriverStressTestMapper.insertTransactionLog((Long) any(), (java.math.BigDecimal) any())).thenReturn(1);
        when(warpdriverStressTestMapper.deleteDistributedLocks((Long) any(), (String) any())).thenReturn(1);
        when(warpdriverStressTestMapper.deleteDistributedLocks_1((Long) any(), (String) any())).thenReturn(1);
        when(warpdriverStressTestMapper.deleteOperationLogs((Integer) any(), (Integer) any(), (java.sql.Timestamp) any())).thenReturn(1);
        { var m = new java.util.HashMap<String,Object>(); m.put("regionCode", "test"); m.put("cnt", 1L); m.put("amt", 1L); m.put("avgFee", java.math.BigDecimal.TEN); when(warpdriverStressTestMapper.selectSpGotoSkipLogic((String) any(), (String) any(), (java.sql.Date) any())).thenReturn(java.util.List.of(m)); }
        when(warpdriverStressTestMapper.selectSettlement((String) any(), (String) any(), (java.sql.Date) any())).thenReturn("1");
        when(warpdriverStressTestMapper.updateBulkOrders((Long) any(), (java.util.Map) any())).thenReturn(1);
        when(warpdriverStressTestMapper.selectCustomerRisk((Long) any(), (java.util.Map) any(), (java.util.Map) any())).thenReturn(999);
        when(warpdriverStressTestMapper.updateBulkOrders_1((Long) any(), (java.util.Map) any(), (java.util.Map) any())).thenReturn(1);
        when(warpdriverStressTestMapper.selectInventory((Long) any(), (java.util.Map) any())).thenReturn(999);
        when(warpdriverStressTestMapper.updateBulkOrders_2((Long) any(), (java.util.Map) any(), (java.util.Map) any())).thenReturn(1);
        when(warpdriverStressTestMapper.updateBulkOrders_3((Long) any(), (java.util.Map) any())).thenReturn(1);
        when(warpdriverStressTestMapper.updateOrders((Long) any(), (String) any())).thenReturn(1);
        when(warpdriverStressTestMapper.updateOrders_1((Long) any(), (String) any())).thenReturn(1);
        when(warpdriverStressTestMapper.updateOrders_2((Long) any(), (String) any())).thenReturn(1);
        when(warpdriverStressTestMapper.updateOrders_3((Long) any(), (String) any(), (Integer) any())).thenReturn(1);
        when(warpdriverStressTestMapper.updateOrders_4((Long) any(), (String) any())).thenReturn(1);
        when(warpdriverStressTestMapper.updateOrders_5((Long) any(), (String) any())).thenReturn(1);
        when(warpdriverStressTestMapper.updateOrders_6((Long) any(), (String) any())).thenReturn(1);
        when(warpdriverStressTestMapper.updateOrders_7((Long) any(), (String) any())).thenReturn(1);
        when(warpdriverStressTestMapper.updateOrders_8((Long) any(), (String) any())).thenReturn(1);
        when(warpdriverStressTestMapper.updateOrders_9((Long) any(), (String) any())).thenReturn(1);
        when(warpdriverStressTestMapper.updateOrders_10((Long) any(), (String) any())).thenReturn(1);
        when(warpdriverStressTestMapper.updateOrders_11((Long) any(), (String) any())).thenReturn(1);
        when(warpdriverStressTestMapper.selectOrders((Long) any(), (String) any())).thenReturn("1");
        when(warpdriverStressTestMapper.insertStateTransitions((Long) any(), (String) any(), (String) any())).thenReturn(1);
        when(warpdriverStressTestMapper.insertJobDispatchLog((String) any(), (String) any(), (String) any(), (Long) any())).thenReturn(1);
        { var m = new java.util.HashMap<String,Object>(); m.put("nodeId", 1L); when(warpdriverStressTestMapper.selectFnRecursiveTreeCleanup((Long) any(), (Integer) any())).thenReturn(java.util.List.of(m)); }
        when(warpdriverStressTestMapper.deleteTreeAttributes((Long) any(), (Integer) any(), (Long) any())).thenReturn(1);
        when(warpdriverStressTestMapper.deleteTreeNodes((Long) any(), (Integer) any(), (Long) any())).thenReturn(1);
        { var m = new java.util.HashMap<String,Object>(); m.put("orderId", 1L); m.put("totalAmount", java.math.BigDecimal.TEN); m.put("status", "test"); m.put("createTime", java.sql.Date.valueOf("2024-01-01")); when(warpdriverStressTestMapper.selectFnMultiCursorReturn((Long) any())).thenReturn(java.util.List.of(m)); }
        { var m = new java.util.HashMap<String,Object>(); m.put("paymentId", 1L); m.put("payAmount", java.math.BigDecimal.TEN); m.put("payChannel", 1L); m.put("payTime", java.sql.Date.valueOf("2024-01-01")); when(warpdriverStressTestMapper.selectFnMultiCursorReturn_1((Long) any())).thenReturn(java.util.List.of(m)); }
        when(warpdriverStressTestMapper.selectOrders_2((Long) any())).thenReturn(999);
        when(warpdriverStressTestMapper.selectPayments((Long) any())).thenReturn(999);
        when(warpdriverStressTestMapper.selectAccounts((Long) any(), (java.math.BigDecimal) any())).thenReturn(new java.math.BigDecimal("999.99"));
        when(warpdriverStressTestMapper.updateAccounts_1((Long) any(), (java.math.BigDecimal) any())).thenReturn(1);
        when(warpdriverStressTestMapper.insertAccountJournal((Long) any(), (java.math.BigDecimal) any())).thenReturn(1);
        when(warpdriverStressTestMapper.updateAccounts_2((Long) any(), (java.math.BigDecimal) any())).thenReturn(1);
        when(warpdriverStressTestMapper.insertRiskEvents((Long) any(), (java.math.BigDecimal) any())).thenReturn(1);
        when(warpdriverStressTestMapper.insertNotifications((Long) any(), (java.math.BigDecimal) any())).thenReturn(1);
        when(warpdriverStressTestMapper.insertSpSavepointHell((Long) any(), (java.math.BigDecimal) any())).thenReturn(1);
        when(warpdriverStressTestMapper.selectAccounts_1((Long) any(), (java.math.BigDecimal) any())).thenReturn(999);
        service.spGotoStateMachine(pOrderId, pEvent, pFinalStateRef);
        verify(warpdriverStressTestMapper, atLeast(0)).updateOrders((Long) any(), (String) any());
    }

    @Test
    @org.junit.jupiter.api.Timeout(value = 5, unit = java.util.concurrent.TimeUnit.SECONDS)
    void test_spDynamicSchedulerDispatch_success() {
        String pTaskList = "1,2,3";
        String pJobPrefix = "test_pJobPrefix";
        when(warpdriverStressTestMapper.insertAuditTrail((String) any(), (String) any())).thenReturn(1);
        { var m = new java.util.HashMap<String,Object>(); m.put("orderId", 1L); m.put("totalAmount", java.math.BigDecimal.TEN); m.put("status", "test"); when(warpdriverStressTestMapper.selectSpMainOrchestrator((String) any(), (String) any(), (java.sql.Date) any(), (Integer) any())).thenReturn(java.util.List.of(m)); }
        { var m = new java.util.HashMap<String,Object>(); m.put("orderId", 1L); m.put("totalAmount", java.math.BigDecimal.TEN); m.put("status", "test"); when(warpdriverStressTestMapper.selectSpMainOrchestrator_1((String) any(), (String) any(), (java.sql.Date) any())).thenReturn(java.util.List.of(m)); }
        when(warpdriverStressTestMapper.updateOrders((String) any(), (String) any(), (java.util.Map) any())).thenReturn(1);
        when(warpdriverStressTestMapper.insertErrorLog((String) any(), (String) any(), (Long) any(), (java.util.Map) any())).thenReturn(1);
        when(warpdriverStressTestMapper.insertOrderItemSnapshot((String) any(), (String) any(), (Long) any(), (java.util.List) any())).thenReturn(1);
        when(warpdriverStressTestMapper.insertDistributedLocks((Long) any(), (Long) any(), (String) any())).thenReturn(1);
        when(warpdriverStressTestMapper.selectOrders((Long) any())).thenReturn(new java.math.BigDecimal("999.99"));
        when(warpdriverStressTestMapper.updateOrders((Long) any())).thenReturn(1);
        when(warpdriverStressTestMapper.updateAccounts((Long) any(), (java.math.BigDecimal) any())).thenReturn(1);
        when(warpdriverStressTestMapper.insertTransactionLog((Long) any(), (java.math.BigDecimal) any())).thenReturn(1);
        when(warpdriverStressTestMapper.deleteDistributedLocks((Long) any(), (String) any())).thenReturn(1);
        when(warpdriverStressTestMapper.deleteDistributedLocks_1((Long) any(), (String) any())).thenReturn(1);
        when(warpdriverStressTestMapper.deleteOperationLogs((Integer) any(), (Integer) any(), (java.sql.Timestamp) any())).thenReturn(1);
        { var m = new java.util.HashMap<String,Object>(); m.put("regionCode", "test"); m.put("cnt", 1L); m.put("amt", 1L); m.put("avgFee", java.math.BigDecimal.TEN); when(warpdriverStressTestMapper.selectSpGotoSkipLogic((String) any(), (String) any(), (java.sql.Date) any())).thenReturn(java.util.List.of(m)); }
        when(warpdriverStressTestMapper.selectSettlement((String) any(), (String) any(), (java.sql.Date) any())).thenReturn("1");
        when(warpdriverStressTestMapper.updateBulkOrders((Long) any(), (java.util.Map) any())).thenReturn(1);
        when(warpdriverStressTestMapper.selectCustomerRisk((Long) any(), (java.util.Map) any(), (java.util.Map) any())).thenReturn(999);
        when(warpdriverStressTestMapper.updateBulkOrders_1((Long) any(), (java.util.Map) any(), (java.util.Map) any())).thenReturn(1);
        when(warpdriverStressTestMapper.selectInventory((Long) any(), (java.util.Map) any())).thenReturn(999);
        when(warpdriverStressTestMapper.updateBulkOrders_2((Long) any(), (java.util.Map) any(), (java.util.Map) any())).thenReturn(1);
        when(warpdriverStressTestMapper.updateBulkOrders_3((Long) any(), (java.util.Map) any())).thenReturn(1);
        when(warpdriverStressTestMapper.updateOrders((Long) any(), (String) any())).thenReturn(1);
        when(warpdriverStressTestMapper.updateOrders_1((Long) any(), (String) any())).thenReturn(1);
        when(warpdriverStressTestMapper.updateOrders_2((Long) any(), (String) any())).thenReturn(1);
        when(warpdriverStressTestMapper.updateOrders_3((Long) any(), (String) any(), (Integer) any())).thenReturn(1);
        when(warpdriverStressTestMapper.updateOrders_4((Long) any(), (String) any())).thenReturn(1);
        when(warpdriverStressTestMapper.updateOrders_5((Long) any(), (String) any())).thenReturn(1);
        when(warpdriverStressTestMapper.updateOrders_6((Long) any(), (String) any())).thenReturn(1);
        when(warpdriverStressTestMapper.updateOrders_7((Long) any(), (String) any())).thenReturn(1);
        when(warpdriverStressTestMapper.updateOrders_8((Long) any(), (String) any())).thenReturn(1);
        when(warpdriverStressTestMapper.updateOrders_9((Long) any(), (String) any())).thenReturn(1);
        when(warpdriverStressTestMapper.updateOrders_10((Long) any(), (String) any())).thenReturn(1);
        when(warpdriverStressTestMapper.updateOrders_11((Long) any(), (String) any())).thenReturn(1);
        when(warpdriverStressTestMapper.selectOrders((Long) any(), (String) any())).thenReturn("1");
        when(warpdriverStressTestMapper.insertStateTransitions((Long) any(), (String) any(), (String) any())).thenReturn(1);
        when(warpdriverStressTestMapper.insertJobDispatchLog((String) any(), (String) any(), (String) any(), (Long) any())).thenReturn(1);
        { var m = new java.util.HashMap<String,Object>(); m.put("nodeId", 1L); when(warpdriverStressTestMapper.selectFnRecursiveTreeCleanup((Long) any(), (Integer) any())).thenReturn(java.util.List.of(m)); }
        when(warpdriverStressTestMapper.deleteTreeAttributes((Long) any(), (Integer) any(), (Long) any())).thenReturn(1);
        when(warpdriverStressTestMapper.deleteTreeNodes((Long) any(), (Integer) any(), (Long) any())).thenReturn(1);
        { var m = new java.util.HashMap<String,Object>(); m.put("orderId", 1L); m.put("totalAmount", java.math.BigDecimal.TEN); m.put("status", "test"); m.put("createTime", java.sql.Date.valueOf("2024-01-01")); when(warpdriverStressTestMapper.selectFnMultiCursorReturn((Long) any())).thenReturn(java.util.List.of(m)); }
        { var m = new java.util.HashMap<String,Object>(); m.put("paymentId", 1L); m.put("payAmount", java.math.BigDecimal.TEN); m.put("payChannel", 1L); m.put("payTime", java.sql.Date.valueOf("2024-01-01")); when(warpdriverStressTestMapper.selectFnMultiCursorReturn_1((Long) any())).thenReturn(java.util.List.of(m)); }
        when(warpdriverStressTestMapper.selectOrders_2((Long) any())).thenReturn(999);
        when(warpdriverStressTestMapper.selectPayments((Long) any())).thenReturn(999);
        when(warpdriverStressTestMapper.selectAccounts((Long) any(), (java.math.BigDecimal) any())).thenReturn(new java.math.BigDecimal("999.99"));
        when(warpdriverStressTestMapper.updateAccounts_1((Long) any(), (java.math.BigDecimal) any())).thenReturn(1);
        when(warpdriverStressTestMapper.insertAccountJournal((Long) any(), (java.math.BigDecimal) any())).thenReturn(1);
        when(warpdriverStressTestMapper.updateAccounts_2((Long) any(), (java.math.BigDecimal) any())).thenReturn(1);
        when(warpdriverStressTestMapper.insertRiskEvents((Long) any(), (java.math.BigDecimal) any())).thenReturn(1);
        when(warpdriverStressTestMapper.insertNotifications((Long) any(), (java.math.BigDecimal) any())).thenReturn(1);
        when(warpdriverStressTestMapper.insertSpSavepointHell((Long) any(), (java.math.BigDecimal) any())).thenReturn(1);
        when(warpdriverStressTestMapper.selectAccounts_1((Long) any(), (java.math.BigDecimal) any())).thenReturn(999);
        service.spDynamicSchedulerDispatch(pTaskList, pJobPrefix);
        verify(warpdriverStressTestMapper, atLeast(0)).insertJobDispatchLog((String) any(), (String) any(), (String) any(), (Long) any());
    }

    @org.junit.jupiter.api.Disabled("auto-generated mock cannot terminate while loop")
    @Test
    @org.junit.jupiter.api.Timeout(value = 5, unit = java.util.concurrent.TimeUnit.SECONDS)
    void test_fnRecursiveTreeCleanup_success() {
        Long pParentId = 1L;
        Integer pDepth = 1;
        when(warpdriverStressTestMapper.insertAuditTrail((String) any(), (String) any())).thenReturn(1);
        { var m = new java.util.HashMap<String,Object>(); m.put("orderId", 1L); m.put("totalAmount", java.math.BigDecimal.TEN); m.put("status", "test"); when(warpdriverStressTestMapper.selectSpMainOrchestrator((String) any(), (String) any(), (java.sql.Date) any(), (Integer) any())).thenReturn(java.util.List.of(m)); }
        { var m = new java.util.HashMap<String,Object>(); m.put("orderId", 1L); m.put("totalAmount", java.math.BigDecimal.TEN); m.put("status", "test"); when(warpdriverStressTestMapper.selectSpMainOrchestrator_1((String) any(), (String) any(), (java.sql.Date) any())).thenReturn(java.util.List.of(m)); }
        when(warpdriverStressTestMapper.updateOrders((String) any(), (String) any(), (java.util.Map) any())).thenReturn(1);
        when(warpdriverStressTestMapper.insertErrorLog((String) any(), (String) any(), (Long) any(), (java.util.Map) any())).thenReturn(1);
        when(warpdriverStressTestMapper.insertOrderItemSnapshot((String) any(), (String) any(), (Long) any(), (java.util.List) any())).thenReturn(1);
        when(warpdriverStressTestMapper.insertDistributedLocks((Long) any(), (Long) any(), (String) any())).thenReturn(1);
        when(warpdriverStressTestMapper.selectOrders((Long) any())).thenReturn(new java.math.BigDecimal("999.99"));
        when(warpdriverStressTestMapper.updateOrders((Long) any())).thenReturn(1);
        when(warpdriverStressTestMapper.updateAccounts((Long) any(), (java.math.BigDecimal) any())).thenReturn(1);
        when(warpdriverStressTestMapper.insertTransactionLog((Long) any(), (java.math.BigDecimal) any())).thenReturn(1);
        when(warpdriverStressTestMapper.deleteDistributedLocks((Long) any(), (String) any())).thenReturn(1);
        when(warpdriverStressTestMapper.deleteDistributedLocks_1((Long) any(), (String) any())).thenReturn(1);
        when(warpdriverStressTestMapper.deleteOperationLogs((Integer) any(), (Integer) any(), (java.sql.Timestamp) any())).thenReturn(1);
        { var m = new java.util.HashMap<String,Object>(); m.put("regionCode", "test"); m.put("cnt", 1L); m.put("amt", 1L); m.put("avgFee", java.math.BigDecimal.TEN); when(warpdriverStressTestMapper.selectSpGotoSkipLogic((String) any(), (String) any(), (java.sql.Date) any())).thenReturn(java.util.List.of(m)); }
        when(warpdriverStressTestMapper.selectSettlement((String) any(), (String) any(), (java.sql.Date) any())).thenReturn("1");
        when(warpdriverStressTestMapper.updateBulkOrders((Long) any(), (java.util.Map) any())).thenReturn(1);
        when(warpdriverStressTestMapper.selectCustomerRisk((Long) any(), (java.util.Map) any(), (java.util.Map) any())).thenReturn(999);
        when(warpdriverStressTestMapper.updateBulkOrders_1((Long) any(), (java.util.Map) any(), (java.util.Map) any())).thenReturn(1);
        when(warpdriverStressTestMapper.selectInventory((Long) any(), (java.util.Map) any())).thenReturn(999);
        when(warpdriverStressTestMapper.updateBulkOrders_2((Long) any(), (java.util.Map) any(), (java.util.Map) any())).thenReturn(1);
        when(warpdriverStressTestMapper.updateBulkOrders_3((Long) any(), (java.util.Map) any())).thenReturn(1);
        when(warpdriverStressTestMapper.updateOrders((Long) any(), (String) any())).thenReturn(1);
        when(warpdriverStressTestMapper.updateOrders_1((Long) any(), (String) any())).thenReturn(1);
        when(warpdriverStressTestMapper.updateOrders_2((Long) any(), (String) any())).thenReturn(1);
        when(warpdriverStressTestMapper.updateOrders_3((Long) any(), (String) any(), (Integer) any())).thenReturn(1);
        when(warpdriverStressTestMapper.updateOrders_4((Long) any(), (String) any())).thenReturn(1);
        when(warpdriverStressTestMapper.updateOrders_5((Long) any(), (String) any())).thenReturn(1);
        when(warpdriverStressTestMapper.updateOrders_6((Long) any(), (String) any())).thenReturn(1);
        when(warpdriverStressTestMapper.updateOrders_7((Long) any(), (String) any())).thenReturn(1);
        when(warpdriverStressTestMapper.updateOrders_8((Long) any(), (String) any())).thenReturn(1);
        when(warpdriverStressTestMapper.updateOrders_9((Long) any(), (String) any())).thenReturn(1);
        when(warpdriverStressTestMapper.updateOrders_10((Long) any(), (String) any())).thenReturn(1);
        when(warpdriverStressTestMapper.updateOrders_11((Long) any(), (String) any())).thenReturn(1);
        when(warpdriverStressTestMapper.selectOrders((Long) any(), (String) any())).thenReturn("1");
        when(warpdriverStressTestMapper.insertStateTransitions((Long) any(), (String) any(), (String) any())).thenReturn(1);
        when(warpdriverStressTestMapper.insertJobDispatchLog((String) any(), (String) any(), (String) any(), (Long) any())).thenReturn(1);
        { var m = new java.util.HashMap<String,Object>(); m.put("nodeId", 1L); when(warpdriverStressTestMapper.selectFnRecursiveTreeCleanup((Long) any(), (Integer) any())).thenReturn(java.util.List.of(m)); }
        when(warpdriverStressTestMapper.deleteTreeAttributes((Long) any(), (Integer) any(), (Long) any())).thenReturn(1);
        when(warpdriverStressTestMapper.deleteTreeNodes((Long) any(), (Integer) any(), (Long) any())).thenReturn(1);
        { var m = new java.util.HashMap<String,Object>(); m.put("orderId", 1L); m.put("totalAmount", java.math.BigDecimal.TEN); m.put("status", "test"); m.put("createTime", java.sql.Date.valueOf("2024-01-01")); when(warpdriverStressTestMapper.selectFnMultiCursorReturn((Long) any())).thenReturn(java.util.List.of(m)); }
        { var m = new java.util.HashMap<String,Object>(); m.put("paymentId", 1L); m.put("payAmount", java.math.BigDecimal.TEN); m.put("payChannel", 1L); m.put("payTime", java.sql.Date.valueOf("2024-01-01")); when(warpdriverStressTestMapper.selectFnMultiCursorReturn_1((Long) any())).thenReturn(java.util.List.of(m)); }
        when(warpdriverStressTestMapper.selectOrders_2((Long) any())).thenReturn(999);
        when(warpdriverStressTestMapper.selectPayments((Long) any())).thenReturn(999);
        when(warpdriverStressTestMapper.selectAccounts((Long) any(), (java.math.BigDecimal) any())).thenReturn(new java.math.BigDecimal("999.99"));
        when(warpdriverStressTestMapper.updateAccounts_1((Long) any(), (java.math.BigDecimal) any())).thenReturn(1);
        when(warpdriverStressTestMapper.insertAccountJournal((Long) any(), (java.math.BigDecimal) any())).thenReturn(1);
        when(warpdriverStressTestMapper.updateAccounts_2((Long) any(), (java.math.BigDecimal) any())).thenReturn(1);
        when(warpdriverStressTestMapper.insertRiskEvents((Long) any(), (java.math.BigDecimal) any())).thenReturn(1);
        when(warpdriverStressTestMapper.insertNotifications((Long) any(), (java.math.BigDecimal) any())).thenReturn(1);
        when(warpdriverStressTestMapper.insertSpSavepointHell((Long) any(), (java.math.BigDecimal) any())).thenReturn(1);
        when(warpdriverStressTestMapper.selectAccounts_1((Long) any(), (java.math.BigDecimal) any())).thenReturn(999);
        var result = service.fnRecursiveTreeCleanup(pParentId, pDepth);
        verify(warpdriverStressTestMapper, atLeast(0)).deleteTreeAttributes((Long) any(), (Integer) any(), (Long) any());
    }

    @Test
    @org.junit.jupiter.api.Timeout(value = 5, unit = java.util.concurrent.TimeUnit.SECONDS)
    void test_fnArrayJsonbProcessor_success() {
        String pItems = "test_pItems";
        java.math.BigDecimal pDiscount = new java.math.BigDecimal("99.99");
        when(warpdriverStressTestMapper.insertAuditTrail((String) any(), (String) any())).thenReturn(1);
        { var m = new java.util.HashMap<String,Object>(); m.put("orderId", 1L); m.put("totalAmount", java.math.BigDecimal.TEN); m.put("status", "test"); when(warpdriverStressTestMapper.selectSpMainOrchestrator((String) any(), (String) any(), (java.sql.Date) any(), (Integer) any())).thenReturn(java.util.List.of(m)); }
        { var m = new java.util.HashMap<String,Object>(); m.put("orderId", 1L); m.put("totalAmount", java.math.BigDecimal.TEN); m.put("status", "test"); when(warpdriverStressTestMapper.selectSpMainOrchestrator_1((String) any(), (String) any(), (java.sql.Date) any())).thenReturn(java.util.List.of(m)); }
        when(warpdriverStressTestMapper.updateOrders((String) any(), (String) any(), (java.util.Map) any())).thenReturn(1);
        when(warpdriverStressTestMapper.insertErrorLog((String) any(), (String) any(), (Long) any(), (java.util.Map) any())).thenReturn(1);
        when(warpdriverStressTestMapper.insertOrderItemSnapshot((String) any(), (String) any(), (Long) any(), (java.util.List) any())).thenReturn(1);
        when(warpdriverStressTestMapper.insertDistributedLocks((Long) any(), (Long) any(), (String) any())).thenReturn(1);
        when(warpdriverStressTestMapper.selectOrders((Long) any())).thenReturn(new java.math.BigDecimal("999.99"));
        when(warpdriverStressTestMapper.updateOrders((Long) any())).thenReturn(1);
        when(warpdriverStressTestMapper.updateAccounts((Long) any(), (java.math.BigDecimal) any())).thenReturn(1);
        when(warpdriverStressTestMapper.insertTransactionLog((Long) any(), (java.math.BigDecimal) any())).thenReturn(1);
        when(warpdriverStressTestMapper.deleteDistributedLocks((Long) any(), (String) any())).thenReturn(1);
        when(warpdriverStressTestMapper.deleteDistributedLocks_1((Long) any(), (String) any())).thenReturn(1);
        when(warpdriverStressTestMapper.deleteOperationLogs((Integer) any(), (Integer) any(), (java.sql.Timestamp) any())).thenReturn(1);
        { var m = new java.util.HashMap<String,Object>(); m.put("regionCode", "test"); m.put("cnt", 1L); m.put("amt", 1L); m.put("avgFee", java.math.BigDecimal.TEN); when(warpdriverStressTestMapper.selectSpGotoSkipLogic((String) any(), (String) any(), (java.sql.Date) any())).thenReturn(java.util.List.of(m)); }
        when(warpdriverStressTestMapper.selectSettlement((String) any(), (String) any(), (java.sql.Date) any())).thenReturn("1");
        when(warpdriverStressTestMapper.updateBulkOrders((Long) any(), (java.util.Map) any())).thenReturn(1);
        when(warpdriverStressTestMapper.selectCustomerRisk((Long) any(), (java.util.Map) any(), (java.util.Map) any())).thenReturn(999);
        when(warpdriverStressTestMapper.updateBulkOrders_1((Long) any(), (java.util.Map) any(), (java.util.Map) any())).thenReturn(1);
        when(warpdriverStressTestMapper.selectInventory((Long) any(), (java.util.Map) any())).thenReturn(999);
        when(warpdriverStressTestMapper.updateBulkOrders_2((Long) any(), (java.util.Map) any(), (java.util.Map) any())).thenReturn(1);
        when(warpdriverStressTestMapper.updateBulkOrders_3((Long) any(), (java.util.Map) any())).thenReturn(1);
        when(warpdriverStressTestMapper.updateOrders((Long) any(), (String) any())).thenReturn(1);
        when(warpdriverStressTestMapper.updateOrders_1((Long) any(), (String) any())).thenReturn(1);
        when(warpdriverStressTestMapper.updateOrders_2((Long) any(), (String) any())).thenReturn(1);
        when(warpdriverStressTestMapper.updateOrders_3((Long) any(), (String) any(), (Integer) any())).thenReturn(1);
        when(warpdriverStressTestMapper.updateOrders_4((Long) any(), (String) any())).thenReturn(1);
        when(warpdriverStressTestMapper.updateOrders_5((Long) any(), (String) any())).thenReturn(1);
        when(warpdriverStressTestMapper.updateOrders_6((Long) any(), (String) any())).thenReturn(1);
        when(warpdriverStressTestMapper.updateOrders_7((Long) any(), (String) any())).thenReturn(1);
        when(warpdriverStressTestMapper.updateOrders_8((Long) any(), (String) any())).thenReturn(1);
        when(warpdriverStressTestMapper.updateOrders_9((Long) any(), (String) any())).thenReturn(1);
        when(warpdriverStressTestMapper.updateOrders_10((Long) any(), (String) any())).thenReturn(1);
        when(warpdriverStressTestMapper.updateOrders_11((Long) any(), (String) any())).thenReturn(1);
        when(warpdriverStressTestMapper.selectOrders((Long) any(), (String) any())).thenReturn("1");
        when(warpdriverStressTestMapper.insertStateTransitions((Long) any(), (String) any(), (String) any())).thenReturn(1);
        when(warpdriverStressTestMapper.insertJobDispatchLog((String) any(), (String) any(), (String) any(), (Long) any())).thenReturn(1);
        { var m = new java.util.HashMap<String,Object>(); m.put("nodeId", 1L); when(warpdriverStressTestMapper.selectFnRecursiveTreeCleanup((Long) any(), (Integer) any())).thenReturn(java.util.List.of(m)); }
        when(warpdriverStressTestMapper.deleteTreeAttributes((Long) any(), (Integer) any(), (Long) any())).thenReturn(1);
        when(warpdriverStressTestMapper.deleteTreeNodes((Long) any(), (Integer) any(), (Long) any())).thenReturn(1);
        { var m = new java.util.HashMap<String,Object>(); m.put("orderId", 1L); m.put("totalAmount", java.math.BigDecimal.TEN); m.put("status", "test"); m.put("createTime", java.sql.Date.valueOf("2024-01-01")); when(warpdriverStressTestMapper.selectFnMultiCursorReturn((Long) any())).thenReturn(java.util.List.of(m)); }
        { var m = new java.util.HashMap<String,Object>(); m.put("paymentId", 1L); m.put("payAmount", java.math.BigDecimal.TEN); m.put("payChannel", 1L); m.put("payTime", java.sql.Date.valueOf("2024-01-01")); when(warpdriverStressTestMapper.selectFnMultiCursorReturn_1((Long) any())).thenReturn(java.util.List.of(m)); }
        when(warpdriverStressTestMapper.selectOrders_2((Long) any())).thenReturn(999);
        when(warpdriverStressTestMapper.selectPayments((Long) any())).thenReturn(999);
        when(warpdriverStressTestMapper.selectAccounts((Long) any(), (java.math.BigDecimal) any())).thenReturn(new java.math.BigDecimal("999.99"));
        when(warpdriverStressTestMapper.updateAccounts_1((Long) any(), (java.math.BigDecimal) any())).thenReturn(1);
        when(warpdriverStressTestMapper.insertAccountJournal((Long) any(), (java.math.BigDecimal) any())).thenReturn(1);
        when(warpdriverStressTestMapper.updateAccounts_2((Long) any(), (java.math.BigDecimal) any())).thenReturn(1);
        when(warpdriverStressTestMapper.insertRiskEvents((Long) any(), (java.math.BigDecimal) any())).thenReturn(1);
        when(warpdriverStressTestMapper.insertNotifications((Long) any(), (java.math.BigDecimal) any())).thenReturn(1);
        when(warpdriverStressTestMapper.insertSpSavepointHell((Long) any(), (java.math.BigDecimal) any())).thenReturn(1);
        when(warpdriverStressTestMapper.selectAccounts_1((Long) any(), (java.math.BigDecimal) any())).thenReturn(999);
        var result = service.fnArrayJsonbProcessor(pItems, pDiscount);
    }

    @Test
    @org.junit.jupiter.api.Timeout(value = 5, unit = java.util.concurrent.TimeUnit.SECONDS)
    void test_fnMultiCursorReturn_success() {
        Long pCustomerId = 1L;
        AtomicReference<Object> pCurOrdersRef = new AtomicReference<>(null);
        AtomicReference<Object> pCurPaymentsRef = new AtomicReference<>(null);
        when(warpdriverStressTestMapper.insertAuditTrail((String) any(), (String) any())).thenReturn(1);
        { var m = new java.util.HashMap<String,Object>(); m.put("orderId", 1L); m.put("totalAmount", java.math.BigDecimal.TEN); m.put("status", "test"); when(warpdriverStressTestMapper.selectSpMainOrchestrator((String) any(), (String) any(), (java.sql.Date) any(), (Integer) any())).thenReturn(java.util.List.of(m)); }
        { var m = new java.util.HashMap<String,Object>(); m.put("orderId", 1L); m.put("totalAmount", java.math.BigDecimal.TEN); m.put("status", "test"); when(warpdriverStressTestMapper.selectSpMainOrchestrator_1((String) any(), (String) any(), (java.sql.Date) any())).thenReturn(java.util.List.of(m)); }
        when(warpdriverStressTestMapper.updateOrders((String) any(), (String) any(), (java.util.Map) any())).thenReturn(1);
        when(warpdriverStressTestMapper.insertErrorLog((String) any(), (String) any(), (Long) any(), (java.util.Map) any())).thenReturn(1);
        when(warpdriverStressTestMapper.insertOrderItemSnapshot((String) any(), (String) any(), (Long) any(), (java.util.List) any())).thenReturn(1);
        when(warpdriverStressTestMapper.insertDistributedLocks((Long) any(), (Long) any(), (String) any())).thenReturn(1);
        when(warpdriverStressTestMapper.selectOrders((Long) any())).thenReturn(new java.math.BigDecimal("999.99"));
        when(warpdriverStressTestMapper.updateOrders((Long) any())).thenReturn(1);
        when(warpdriverStressTestMapper.updateAccounts((Long) any(), (java.math.BigDecimal) any())).thenReturn(1);
        when(warpdriverStressTestMapper.insertTransactionLog((Long) any(), (java.math.BigDecimal) any())).thenReturn(1);
        when(warpdriverStressTestMapper.deleteDistributedLocks((Long) any(), (String) any())).thenReturn(1);
        when(warpdriverStressTestMapper.deleteDistributedLocks_1((Long) any(), (String) any())).thenReturn(1);
        when(warpdriverStressTestMapper.deleteOperationLogs((Integer) any(), (Integer) any(), (java.sql.Timestamp) any())).thenReturn(1);
        { var m = new java.util.HashMap<String,Object>(); m.put("regionCode", "test"); m.put("cnt", 1L); m.put("amt", 1L); m.put("avgFee", java.math.BigDecimal.TEN); when(warpdriverStressTestMapper.selectSpGotoSkipLogic((String) any(), (String) any(), (java.sql.Date) any())).thenReturn(java.util.List.of(m)); }
        when(warpdriverStressTestMapper.selectSettlement((String) any(), (String) any(), (java.sql.Date) any())).thenReturn("1");
        when(warpdriverStressTestMapper.updateBulkOrders((Long) any(), (java.util.Map) any())).thenReturn(1);
        when(warpdriverStressTestMapper.selectCustomerRisk((Long) any(), (java.util.Map) any(), (java.util.Map) any())).thenReturn(999);
        when(warpdriverStressTestMapper.updateBulkOrders_1((Long) any(), (java.util.Map) any(), (java.util.Map) any())).thenReturn(1);
        when(warpdriverStressTestMapper.selectInventory((Long) any(), (java.util.Map) any())).thenReturn(999);
        when(warpdriverStressTestMapper.updateBulkOrders_2((Long) any(), (java.util.Map) any(), (java.util.Map) any())).thenReturn(1);
        when(warpdriverStressTestMapper.updateBulkOrders_3((Long) any(), (java.util.Map) any())).thenReturn(1);
        when(warpdriverStressTestMapper.updateOrders((Long) any(), (String) any())).thenReturn(1);
        when(warpdriverStressTestMapper.updateOrders_1((Long) any(), (String) any())).thenReturn(1);
        when(warpdriverStressTestMapper.updateOrders_2((Long) any(), (String) any())).thenReturn(1);
        when(warpdriverStressTestMapper.updateOrders_3((Long) any(), (String) any(), (Integer) any())).thenReturn(1);
        when(warpdriverStressTestMapper.updateOrders_4((Long) any(), (String) any())).thenReturn(1);
        when(warpdriverStressTestMapper.updateOrders_5((Long) any(), (String) any())).thenReturn(1);
        when(warpdriverStressTestMapper.updateOrders_6((Long) any(), (String) any())).thenReturn(1);
        when(warpdriverStressTestMapper.updateOrders_7((Long) any(), (String) any())).thenReturn(1);
        when(warpdriverStressTestMapper.updateOrders_8((Long) any(), (String) any())).thenReturn(1);
        when(warpdriverStressTestMapper.updateOrders_9((Long) any(), (String) any())).thenReturn(1);
        when(warpdriverStressTestMapper.updateOrders_10((Long) any(), (String) any())).thenReturn(1);
        when(warpdriverStressTestMapper.updateOrders_11((Long) any(), (String) any())).thenReturn(1);
        when(warpdriverStressTestMapper.selectOrders((Long) any(), (String) any())).thenReturn("1");
        when(warpdriverStressTestMapper.insertStateTransitions((Long) any(), (String) any(), (String) any())).thenReturn(1);
        when(warpdriverStressTestMapper.insertJobDispatchLog((String) any(), (String) any(), (String) any(), (Long) any())).thenReturn(1);
        { var m = new java.util.HashMap<String,Object>(); m.put("nodeId", 1L); when(warpdriverStressTestMapper.selectFnRecursiveTreeCleanup((Long) any(), (Integer) any())).thenReturn(java.util.List.of(m)); }
        when(warpdriverStressTestMapper.deleteTreeAttributes((Long) any(), (Integer) any(), (Long) any())).thenReturn(1);
        when(warpdriverStressTestMapper.deleteTreeNodes((Long) any(), (Integer) any(), (Long) any())).thenReturn(1);
        { var m = new java.util.HashMap<String,Object>(); m.put("orderId", 1L); m.put("totalAmount", java.math.BigDecimal.TEN); m.put("status", "test"); m.put("createTime", java.sql.Date.valueOf("2024-01-01")); when(warpdriverStressTestMapper.selectFnMultiCursorReturn((Long) any())).thenReturn(java.util.List.of(m)); }
        { var m = new java.util.HashMap<String,Object>(); m.put("paymentId", 1L); m.put("payAmount", java.math.BigDecimal.TEN); m.put("payChannel", 1L); m.put("payTime", java.sql.Date.valueOf("2024-01-01")); when(warpdriverStressTestMapper.selectFnMultiCursorReturn_1((Long) any())).thenReturn(java.util.List.of(m)); }
        when(warpdriverStressTestMapper.selectOrders_2((Long) any())).thenReturn(999);
        when(warpdriverStressTestMapper.selectPayments((Long) any())).thenReturn(999);
        when(warpdriverStressTestMapper.selectAccounts((Long) any(), (java.math.BigDecimal) any())).thenReturn(new java.math.BigDecimal("999.99"));
        when(warpdriverStressTestMapper.updateAccounts_1((Long) any(), (java.math.BigDecimal) any())).thenReturn(1);
        when(warpdriverStressTestMapper.insertAccountJournal((Long) any(), (java.math.BigDecimal) any())).thenReturn(1);
        when(warpdriverStressTestMapper.updateAccounts_2((Long) any(), (java.math.BigDecimal) any())).thenReturn(1);
        when(warpdriverStressTestMapper.insertRiskEvents((Long) any(), (java.math.BigDecimal) any())).thenReturn(1);
        when(warpdriverStressTestMapper.insertNotifications((Long) any(), (java.math.BigDecimal) any())).thenReturn(1);
        when(warpdriverStressTestMapper.insertSpSavepointHell((Long) any(), (java.math.BigDecimal) any())).thenReturn(1);
        when(warpdriverStressTestMapper.selectAccounts_1((Long) any(), (java.math.BigDecimal) any())).thenReturn(999);
        var result = service.fnMultiCursorReturn(pCustomerId, pCurOrdersRef, pCurPaymentsRef);
    }

    @Test
    @org.junit.jupiter.api.Timeout(value = 5, unit = java.util.concurrent.TimeUnit.SECONDS)
    void test_spSavepointHell_success() {
        Long pAccountId = 1L;
        java.math.BigDecimal pAmount = new java.math.BigDecimal("99.99");
        AtomicReference<java.math.BigDecimal> pFinalBalRef = new AtomicReference<>(java.math.BigDecimal.ZERO);
        when(warpdriverStressTestMapper.insertAuditTrail((String) any(), (String) any())).thenReturn(1);
        { var m = new java.util.HashMap<String,Object>(); m.put("orderId", 1L); m.put("totalAmount", java.math.BigDecimal.TEN); m.put("status", "test"); when(warpdriverStressTestMapper.selectSpMainOrchestrator((String) any(), (String) any(), (java.sql.Date) any(), (Integer) any())).thenReturn(java.util.List.of(m)); }
        { var m = new java.util.HashMap<String,Object>(); m.put("orderId", 1L); m.put("totalAmount", java.math.BigDecimal.TEN); m.put("status", "test"); when(warpdriverStressTestMapper.selectSpMainOrchestrator_1((String) any(), (String) any(), (java.sql.Date) any())).thenReturn(java.util.List.of(m)); }
        when(warpdriverStressTestMapper.updateOrders((String) any(), (String) any(), (java.util.Map) any())).thenReturn(1);
        when(warpdriverStressTestMapper.insertErrorLog((String) any(), (String) any(), (Long) any(), (java.util.Map) any())).thenReturn(1);
        when(warpdriverStressTestMapper.insertOrderItemSnapshot((String) any(), (String) any(), (Long) any(), (java.util.List) any())).thenReturn(1);
        when(warpdriverStressTestMapper.insertDistributedLocks((Long) any(), (Long) any(), (String) any())).thenReturn(1);
        when(warpdriverStressTestMapper.selectOrders((Long) any())).thenReturn(new java.math.BigDecimal("999.99"));
        when(warpdriverStressTestMapper.updateOrders((Long) any())).thenReturn(1);
        when(warpdriverStressTestMapper.updateAccounts((Long) any(), (java.math.BigDecimal) any())).thenReturn(1);
        when(warpdriverStressTestMapper.insertTransactionLog((Long) any(), (java.math.BigDecimal) any())).thenReturn(1);
        when(warpdriverStressTestMapper.deleteDistributedLocks((Long) any(), (String) any())).thenReturn(1);
        when(warpdriverStressTestMapper.deleteDistributedLocks_1((Long) any(), (String) any())).thenReturn(1);
        when(warpdriverStressTestMapper.deleteOperationLogs((Integer) any(), (Integer) any(), (java.sql.Timestamp) any())).thenReturn(1);
        { var m = new java.util.HashMap<String,Object>(); m.put("regionCode", "test"); m.put("cnt", 1L); m.put("amt", 1L); m.put("avgFee", java.math.BigDecimal.TEN); when(warpdriverStressTestMapper.selectSpGotoSkipLogic((String) any(), (String) any(), (java.sql.Date) any())).thenReturn(java.util.List.of(m)); }
        when(warpdriverStressTestMapper.selectSettlement((String) any(), (String) any(), (java.sql.Date) any())).thenReturn("1");
        when(warpdriverStressTestMapper.updateBulkOrders((Long) any(), (java.util.Map) any())).thenReturn(1);
        when(warpdriverStressTestMapper.selectCustomerRisk((Long) any(), (java.util.Map) any(), (java.util.Map) any())).thenReturn(999);
        when(warpdriverStressTestMapper.updateBulkOrders_1((Long) any(), (java.util.Map) any(), (java.util.Map) any())).thenReturn(1);
        when(warpdriverStressTestMapper.selectInventory((Long) any(), (java.util.Map) any())).thenReturn(999);
        when(warpdriverStressTestMapper.updateBulkOrders_2((Long) any(), (java.util.Map) any(), (java.util.Map) any())).thenReturn(1);
        when(warpdriverStressTestMapper.updateBulkOrders_3((Long) any(), (java.util.Map) any())).thenReturn(1);
        when(warpdriverStressTestMapper.updateOrders((Long) any(), (String) any())).thenReturn(1);
        when(warpdriverStressTestMapper.updateOrders_1((Long) any(), (String) any())).thenReturn(1);
        when(warpdriverStressTestMapper.updateOrders_2((Long) any(), (String) any())).thenReturn(1);
        when(warpdriverStressTestMapper.updateOrders_3((Long) any(), (String) any(), (Integer) any())).thenReturn(1);
        when(warpdriverStressTestMapper.updateOrders_4((Long) any(), (String) any())).thenReturn(1);
        when(warpdriverStressTestMapper.updateOrders_5((Long) any(), (String) any())).thenReturn(1);
        when(warpdriverStressTestMapper.updateOrders_6((Long) any(), (String) any())).thenReturn(1);
        when(warpdriverStressTestMapper.updateOrders_7((Long) any(), (String) any())).thenReturn(1);
        when(warpdriverStressTestMapper.updateOrders_8((Long) any(), (String) any())).thenReturn(1);
        when(warpdriverStressTestMapper.updateOrders_9((Long) any(), (String) any())).thenReturn(1);
        when(warpdriverStressTestMapper.updateOrders_10((Long) any(), (String) any())).thenReturn(1);
        when(warpdriverStressTestMapper.updateOrders_11((Long) any(), (String) any())).thenReturn(1);
        when(warpdriverStressTestMapper.selectOrders((Long) any(), (String) any())).thenReturn("1");
        when(warpdriverStressTestMapper.insertStateTransitions((Long) any(), (String) any(), (String) any())).thenReturn(1);
        when(warpdriverStressTestMapper.insertJobDispatchLog((String) any(), (String) any(), (String) any(), (Long) any())).thenReturn(1);
        { var m = new java.util.HashMap<String,Object>(); m.put("nodeId", 1L); when(warpdriverStressTestMapper.selectFnRecursiveTreeCleanup((Long) any(), (Integer) any())).thenReturn(java.util.List.of(m)); }
        when(warpdriverStressTestMapper.deleteTreeAttributes((Long) any(), (Integer) any(), (Long) any())).thenReturn(1);
        when(warpdriverStressTestMapper.deleteTreeNodes((Long) any(), (Integer) any(), (Long) any())).thenReturn(1);
        { var m = new java.util.HashMap<String,Object>(); m.put("orderId", 1L); m.put("totalAmount", java.math.BigDecimal.TEN); m.put("status", "test"); m.put("createTime", java.sql.Date.valueOf("2024-01-01")); when(warpdriverStressTestMapper.selectFnMultiCursorReturn((Long) any())).thenReturn(java.util.List.of(m)); }
        { var m = new java.util.HashMap<String,Object>(); m.put("paymentId", 1L); m.put("payAmount", java.math.BigDecimal.TEN); m.put("payChannel", 1L); m.put("payTime", java.sql.Date.valueOf("2024-01-01")); when(warpdriverStressTestMapper.selectFnMultiCursorReturn_1((Long) any())).thenReturn(java.util.List.of(m)); }
        when(warpdriverStressTestMapper.selectOrders_2((Long) any())).thenReturn(999);
        when(warpdriverStressTestMapper.selectPayments((Long) any())).thenReturn(999);
        when(warpdriverStressTestMapper.selectAccounts((Long) any(), (java.math.BigDecimal) any())).thenReturn(new java.math.BigDecimal("999.99"));
        when(warpdriverStressTestMapper.updateAccounts_1((Long) any(), (java.math.BigDecimal) any())).thenReturn(1);
        when(warpdriverStressTestMapper.insertAccountJournal((Long) any(), (java.math.BigDecimal) any())).thenReturn(1);
        when(warpdriverStressTestMapper.updateAccounts_2((Long) any(), (java.math.BigDecimal) any())).thenReturn(1);
        when(warpdriverStressTestMapper.insertRiskEvents((Long) any(), (java.math.BigDecimal) any())).thenReturn(1);
        when(warpdriverStressTestMapper.insertNotifications((Long) any(), (java.math.BigDecimal) any())).thenReturn(1);
        when(warpdriverStressTestMapper.insertSpSavepointHell((Long) any(), (java.math.BigDecimal) any())).thenReturn(1);
        when(warpdriverStressTestMapper.selectAccounts_1((Long) any(), (java.math.BigDecimal) any())).thenReturn(999);
        service.spSavepointHell(pAccountId, pAmount, pFinalBalRef);
        verify(warpdriverStressTestMapper, atLeast(0)).updateAccounts_1((Long) any(), (java.math.BigDecimal) any());
    }
}