package com.example.demo.service;

import com.example.demo.exception.BusinessException;
import com.example.demo.mapper.Issue79UnqualifiedFnCalleeMapper;
import org.slf4j.Logger;
import org.slf4j.LoggerFactory;
import org.springframework.stereotype.Service;
import org.springframework.transaction.annotation.Transactional;

@Service
public class Issue79UnqualifiedFnCalleeService {
    private static final Logger log = LoggerFactory.getLogger(Issue79UnqualifiedFnCalleeService.class);

    private final Issue79UnqualifiedFnCalleeMapper issue79UnqualifiedFnCalleeMapper;

    public Issue79UnqualifiedFnCalleeService(Issue79UnqualifiedFnCalleeMapper issue79UnqualifiedFnCalleeMapper) {
        this.issue79UnqualifiedFnCalleeMapper = issue79UnqualifiedFnCalleeMapper;
    }

    private java.sql.Date _parseDate(String fmt, String str) {
        try {
            return new java.sql.Date(new java.text.SimpleDateFormat(fmt).parse(str).getTime());
        } catch (java.text.ParseException e) {
            try {
                return java.sql.Date.valueOf(java.time.LocalDate.parse(str.trim().split(" ")[0], java.time.format.DateTimeFormatter.ofPattern("[yyyy-MM-dd][yyyyMMdd]")));
            } catch (Exception e2) {
                return java.sql.Date.valueOf("2024-01-01");
            }
        }
    }
    // Source: fnc_com_getday (FUNCTION) — issue_79_unqualified_fn_callee.sql:1-6
    public String fncComGetday(String pIScdm, String pIDate, Long pIOffset) {
        return new java.text.SimpleDateFormat("yyyyMMdd").format(new java.sql.Date(_parseDate("yyyyMMdd", String.valueOf(pIDate)).getTime() + ((Number) (pIOffset)).longValue() * 86400000L));
    }
}