package com.example.demo.service;

import com.example.demo.exception.BusinessException;
import com.example.demo.mapper.OrderMapper;
import java.util.List;
import java.util.Map;
import org.slf4j.Logger;
import org.slf4j.LoggerFactory;
import org.springframework.stereotype.Service;
import org.springframework.transaction.annotation.Transactional;

@Service
// Source: {FIXTURES_ROOT}/pkg_order.sql
public class OrderService {
    private static final Logger log = LoggerFactory.getLogger(OrderService.class);

    private final OrderMapper orderMapper;

    public OrderService(OrderMapper orderMapper) {
            this.orderMapper = orderMapper;
    }

        // Source: pkg_order.create_order (PROCEDURE) — {FIXTURES_ROOT}/pkg_order.sql:1-12
        @Transactional
        public void createOrder(long pUserId, long pProductId, int pQty) {
            // CALL pkg_inventory.reserve_stock(pProductId, pQty)
            orderMapper.insertCreateOrder(pUserId, pProductId, pQty);
            commonService.logOperation("ORDER", "CREATE", 0);
        }

        // Source: pkg_order.cancel_order (PROCEDURE) — {FIXTURES_ROOT}/pkg_order.sql:14-29
        @Transactional
        public void cancelOrder(long pOrderId) {
            Long vProductId = 0L;
            Integer vQty = 0;
            Map<String, Object> _row = orderMapper.selectCancelOrder(pOrderId, vProductId, vQty);
            if (_row != null) {
                vProductId = (_row.get("v_product_id") instanceof Number ? ((Number) _row.get("v_product_id")).longValue() : 0L);
                vQty = (_row.get("v_qty") instanceof Number ? ((Number) _row.get("v_qty")).intValue() : 0);
            }
            // CALL pkg_inventory.release_stock(vProductId, vQty)
            orderMapper.updateCancelOrder(pOrderId);
            commonService.logOperation("ORDER", "CANCEL", pOrderId);
            commonService.sendNotification("SMS", "Order cancelled");
        }

        // Source: pkg_order.get_order_detail (PROCEDURE) — {FIXTURES_ROOT}/pkg_order.sql:31-40
        public void getOrderDetail(long pOrderId) {
            List<Map<String, Object>> _result = orderMapper.selectGetOrderDetail(pOrderId);
        }

        // Source: pkg_order.batch_create_orders (PROCEDURE) — {FIXTURES_ROOT}/pkg_order.sql:42-51
        public void batchCreateOrders(long pUserId, String pItems) {
            this.createOrder(pUserId, 1, 1);
            commonService.logOperation("ORDER", "BATCH_CREATE", pUserId);
            commonService.sendNotification("EMAIL", "Batch order created");
        }

        // Source: pkg_order.complete_order (PROCEDURE) — {FIXTURES_ROOT}/pkg_order.sql:53-61
        @Transactional
        public void completeOrder(long pOrderId) {
            orderMapper.updateCompleteOrder(pOrderId);
            commonService.logOperation("ORDER", "COMPLETE", pOrderId);
            commonService.sendNotification("EMAIL", "Order completed");
        }
}