package com.example.demo.service;

import com.example.demo.exception.BusinessException;
import com.example.demo.mapper.Issue72Mapper;
import com.example.demo.service.Issue72Service;
import java.util.concurrent.atomic.AtomicReference;
import org.junit.jupiter.api.Test;
import org.junit.jupiter.api.extension.ExtendWith;
import org.mockito.InjectMocks;
import org.mockito.Mock;
import org.mockito.junit.jupiter.MockitoExtension;
import org.mockito.junit.jupiter.MockitoSettings;
import org.mockito.quality.Strictness;
import static org.junit.jupiter.api.Assertions.*;
import static org.mockito.Mockito.*;

@ExtendWith(MockitoExtension.class)
@MockitoSettings(strictness = Strictness.LENIENT)
// Source: {FIXTURES_ROOT}/issue_72_string_to_number.sql
class Issue72ServiceTest {

    @Mock
    private Issue72Mapper issue72Mapper;

    @InjectMocks
    private Issue72Service service;

    @Test
    @org.junit.jupiter.api.Timeout(value = 5, unit = java.util.concurrent.TimeUnit.SECONDS)
    void test_prcTypeWall_success() {
        String pIDate = "2024-01-01";
        AtomicReference<String> pOSucceedRef = new AtomicReference<>(null);
        service.prcTypeWall(pIDate, pOSucceedRef);
    }

    @Test
    @org.junit.jupiter.api.Timeout(value = 5, unit = java.util.concurrent.TimeUnit.SECONDS)
    void test_prcStrMethodWall_success() {
        String pIn = "test_pIn";
        AtomicReference<String> pOSucceedRef = new AtomicReference<>(null);
        service.prcStrMethodWall(pIn, pOSucceedRef);
    }
}